Component: ARM Compiler 6.14.1 Tool: armlink [5db06d00]

==============================================================================

Section Cross References

    startup_stm32f427xx.o(STACK) refers (Special) to heapauxi.o(.text) for __use_two_region_memory
    startup_stm32f427xx.o(HEAP) refers (Special) to heapauxi.o(.text) for __use_two_region_memory
    startup_stm32f427xx.o(RESET) refers (Special) to heapauxi.o(.text) for __use_two_region_memory
    startup_stm32f427xx.o(RESET) refers to startup_stm32f427xx.o(STACK) for __initial_sp
    startup_stm32f427xx.o(RESET) refers to startup_stm32f427xx.o(.text) for Reset_Handler
    startup_stm32f427xx.o(RESET) refers to stm32f4xx_it.o(.text.NMI_Handler) for NMI_Handler
    startup_stm32f427xx.o(RESET) refers to stm32f4xx_it.o(.text.HardFault_Handler) for HardFault_Handler
    startup_stm32f427xx.o(RESET) refers to stm32f4xx_it.o(.text.MemManage_Handler) for MemManage_Handler
    startup_stm32f427xx.o(RESET) refers to stm32f4xx_it.o(.text.BusFault_Handler) for BusFault_Handler
    startup_stm32f427xx.o(RESET) refers to stm32f4xx_it.o(.text.UsageFault_Handler) for UsageFault_Handler
    startup_stm32f427xx.o(RESET) refers to port.o(.text.SVC_Handler) for SVC_Handler
    startup_stm32f427xx.o(RESET) refers to stm32f4xx_it.o(.text.DebugMon_Handler) for DebugMon_Handler
    startup_stm32f427xx.o(RESET) refers to port.o(.text.PendSV_Handler) for PendSV_Handler
    startup_stm32f427xx.o(RESET) refers to port.o(.text.SysTick_Handler) for SysTick_Handler
    startup_stm32f427xx.o(RESET) refers to stm32f4xx_it.o(.text.CAN1_RX0_IRQHandler) for CAN1_RX0_IRQHandler
    startup_stm32f427xx.o(RESET) refers to stm32f4xx_it.o(.text.CAN1_RX1_IRQHandler) for CAN1_RX1_IRQHandler
    startup_stm32f427xx.o(RESET) refers to stm32f4xx_it.o(.text.TIM1_UP_TIM10_IRQHandler) for TIM1_UP_TIM10_IRQHandler
    startup_stm32f427xx.o(RESET) refers to stm32f4xx_it.o(.text.USART1_IRQHandler) for USART1_IRQHandler
    startup_stm32f427xx.o(RESET) refers to stm32f4xx_it.o(.text.DMA2_Stream1_IRQHandler) for DMA2_Stream1_IRQHandler
    startup_stm32f427xx.o(RESET) refers to stm32f4xx_it.o(.text.DMA2_Stream2_IRQHandler) for DMA2_Stream2_IRQHandler
    startup_stm32f427xx.o(RESET) refers to stm32f4xx_it.o(.text.CAN2_RX0_IRQHandler) for CAN2_RX0_IRQHandler
    startup_stm32f427xx.o(RESET) refers to stm32f4xx_it.o(.text.CAN2_RX1_IRQHandler) for CAN2_RX1_IRQHandler
    startup_stm32f427xx.o(RESET) refers to stm32f4xx_it.o(.text.DMA2_Stream6_IRQHandler) for DMA2_Stream6_IRQHandler
    startup_stm32f427xx.o(RESET) refers to stm32f4xx_it.o(.text.USART6_IRQHandler) for USART6_IRQHandler
    startup_stm32f427xx.o(.text) refers (Special) to heapauxi.o(.text) for __use_two_region_memory
    startup_stm32f427xx.o(.text) refers to system_stm32f4xx.o(.text.SystemInit) for SystemInit
    startup_stm32f427xx.o(.text) refers to __main.o(!!!main) for __main
    startup_stm32f427xx.o(.text) refers to startup_stm32f427xx.o(HEAP) for Heap_Mem
    startup_stm32f427xx.o(.text) refers to startup_stm32f427xx.o(STACK) for Stack_Mem
    main.o(.text.main) refers to stm32f4xx_hal.o(.text.HAL_Init) for HAL_Init
    main.o(.text.main) refers to main.o(.text.SystemClock_Config) for SystemClock_Config
    main.o(.text.main) refers to gpio.o(.text.MX_GPIO_Init) for MX_GPIO_Init
    main.o(.text.main) refers to dma.o(.text.MX_DMA_Init) for MX_DMA_Init
    main.o(.text.main) refers to can.o(.text.MX_CAN1_Init) for MX_CAN1_Init
    main.o(.text.main) refers to can.o(.text.MX_CAN2_Init) for MX_CAN2_Init
    main.o(.text.main) refers to usart.o(.text.MX_USART1_UART_Init) for MX_USART1_UART_Init
    main.o(.text.main) refers to usart.o(.text.MX_USART3_UART_Init) for MX_USART3_UART_Init
    main.o(.text.main) refers to usart.o(.text.MX_USART6_UART_Init) for MX_USART6_UART_Init
    main.o(.text.main) refers to tim.o(.text.MX_TIM12_Init) for MX_TIM12_Init
    main.o(.text.main) refers to freertos.o(.text.MX_FREERTOS_Init) for MX_FREERTOS_Init
    main.o(.text.main) refers to cmsis_os.o(.text.osKernelStart) for osKernelStart
    main.o(.ARM.exidx.text.main) refers to main.o(.text.main) for [Anonymous Symbol]
    main.o(.text.SystemClock_Config) refers to rt_memclr_w.o(.text) for __aeabi_memclr4
    main.o(.text.SystemClock_Config) refers to stm32f4xx_hal_rcc.o(.text.HAL_RCC_OscConfig) for HAL_RCC_OscConfig
    main.o(.text.SystemClock_Config) refers to stm32f4xx_hal_pwr_ex.o(.text.HAL_PWREx_EnableOverDrive) for HAL_PWREx_EnableOverDrive
    main.o(.text.SystemClock_Config) refers to stm32f4xx_hal_rcc.o(.text.HAL_RCC_ClockConfig) for HAL_RCC_ClockConfig
    main.o(.text.SystemClock_Config) refers to main.o(.text.Error_Handler) for Error_Handler
    main.o(.ARM.exidx.text.SystemClock_Config) refers to main.o(.text.SystemClock_Config) for [Anonymous Symbol]
    main.o(.ARM.exidx.text.Error_Handler) refers to main.o(.text.Error_Handler) for [Anonymous Symbol]
[...]
    CANHandle                                0x200000bc   Data           4  freertos.o(.bss.CANHandle)
    Motor6020                                0x200000c8   Data         232  motortask.o(.bss.Motor6020)
    MotorJ4310                               0x200001b0   Data         168  motortask.o(.bss.MotorJ4310)
    SERIALHandle                             0x20000258   Data           4  freertos.o(.bss.SERIALHandle)
    __cxa_new_handler                        0x20000340   Data           4  cxa_handlers.cpp.o(.bss.__cxa_new_handler)
    defaultTaskHandle                        0x20000344   Data           4  freertos.o(.bss.defaultTaskHandle)
    dr16_rx_buffer                           0x20000348   Data          18  serivaltask.o(.bss.dr16_rx_buffer)
    gimbal_fsm                               0x2000035c   Data         204  controltask.o(.bss.gimbal_fsm)
    gimbal_output                            0x20000428   Data           8  controltask.o(.bss.gimbal_output)
    gimbal_target                            0x20000430   Data          44  controltask.o(.bss.gimbal_target)
    hcan1                                    0x2000045c   Data          40  can.o(.bss.hcan1)
    hcan2                                    0x20000484   Data          40  can.o(.bss.hcan2)
    hdma_usart1_rx                           0x200004ac   Data          96  usart.o(.bss.hdma_usart1_rx)
    hdma_usart6_rx                           0x2000050c   Data          96  usart.o(.bss.hdma_usart6_rx)
    hdma_usart6_tx                           0x2000056c   Data          96  usart.o(.bss.hdma_usart6_tx)
    htim1                                    0x200005cc   Data          72  stm32f4xx_hal_timebase_tim.o(.bss.htim1)
    htim12                                   0x20000614   Data          72  tim.o(.bss.htim12)
    huart1                                   0x2000065c   Data          72  usart.o(.bss.huart1)
    huart3                                   0x200006a4   Data          72  usart.o(.bss.huart3)
    huart6                                   0x200006ec   Data          72  usart.o(.bss.huart6)
    pitch_angle_pid                          0x20000734   Data          64  controltask.o(.bss.pitch_angle_pid)
    pitch_velocity_pid                       0x20000774   Data          64  controltask.o(.bss.pitch_velocity_pid)
    pxCurrentTCB                             0x200007b4   Data           4  tasks.o(.bss.pxCurrentTCB)
    uwTick                                   0x20004458   Data           4  stm32f4xx_hal.o(.bss.uwTick)
    yaw_angle_pid                            0x20004760   Data          64  controltask.o(.bss.yaw_angle_pid)
    yaw_velocity_pid                         0x200047a0   Data          64  controltask.o(.bss.yaw_velocity_pid)



==============================================================================

Memory Map of the image

  Image Entry point : 0x080001ad

  Load Region LR_IROM1 (Base: 0x08000000, Size: 0x00007990, Max: 0x00200000, ABSOLUTE)

    Execution Region ER_IROM1 (Exec base: 0x08000000, Load base: 0x08000000, Size: 0x00007934, Max: 0x00200000, ABSOLUTE)

    Exec Addr    Load Addr    Size         Type   Attr      Idx    E Section Name        Object

    0x08000000   0x08000000   0x000001ac   Data   RO            3    RESET               startup_stm32f427xx.o
    0x080001ac   0x080001ac   0x00000008   Code   RO         2508  * !!!main             c_w.l(__main.o)
    0x080001b4   0x080001b4   0x00000034   Code   RO         2955    !!!scatter          c_w.l(__scatter.o)
    0x080001e8   0x080001e8   0x0000001a   Code   RO         2957    !!handler_copy      c_w.l(__scatter_copy.o)
    0x08000202   0x08000202   0x00000002   PAD
    0x08000204   0x08000204   0x0000001c   Code   RO         2959    !!handler_zi        c_w.l(__scatter_zi.o)
    0x08000220   0x08000220   0x00000002   Code   RO         2897    .ARM.Collect$$libinit$$00000000  c_w.l(libinit.o)
    0x08000222   0x08000222   0x00000004   Code   RO         2692    .ARM.Collect$$libinit$$00000001  c_w.l(libinit2.o)
    0x08000226   0x08000226   0x00000000   Code   RO         2695    .ARM.Collect$$libinit$$00000004  c_w.l(libinit2.o)
    0x08000226   0x08000226   0x00000008   Code   RO         2696    .ARM.Collect$$libinit$$00000005  c_w.l(libinit2.o)
    0x0800022e   0x0800022e   0x00000000   Code   RO         2698    .ARM.Collect$$libinit$$0000000A  c_w.l(libinit2.o)
    0x0800022e   0x0800022e   0x00000000   Code   RO         2700    .ARM.Collect$$libinit$$0000000C  c_w.l(libinit2.o)
    0x0800022e   0x0800022e   0x00000000   Code   RO         2702    .ARM.Collect$$libinit$$0000000E  c_w.l(libinit2.o)
    0x0800022e   0x0800022e   0x00000000   Code   RO         2705    .ARM.Collect$$libinit$$00000011  c_w.l(libinit2.o)
    0x0800022e   0x0800022e   0x00000000   Code   RO         2707    .ARM.Collect$$libinit$$00000013  c_w.l(libinit2.o)
    0x0800022e   0x0800022e   0x00000000   Code   RO         2709    .ARM.Collect$$libinit$$00000015  c_w.l(libinit2.o)
    0x0800022e   0x0800022e   0x00000000   Code   RO         2711    .ARM.Collect$$libinit$$00000017  c_w.l(libinit2.o)
    0x0800022e   0x0800022e   0x00000000   Code   RO         2713    .ARM.Collect$$libinit$$00000019  c_w.l(libinit2.o)
    0x0800022e   0x0800022e   0x00000000   Code   RO         2715    .ARM.Collect$$libinit$$0000001B  c_w.l(libinit2.o)
    0x0800022e   0x0800022e   0x00000000   Code   RO         2717    .ARM.Collect$$libinit$$0000001D  c_w.l(libinit2.o)
    0x0800022e   0x0800022e   0x00000000   Code   RO         2719    .ARM.Collect$$libinit$$0000001F  c_w.l(libinit2.o)
    0x0800022e   0x0800022e   0x00000000   Code   RO         2721    .ARM.Collect$$libinit$$00000021  c_w.l(libinit2.o)
    0x0800022e   0x0800022e   0x00000000   Code   RO         2723    .ARM.Collect$$libinit$$00000023  c_w.l(libinit2.o)
    0x0800022e   0x0800022e   0x00000000   Code   RO         2725    .ARM.Collect$$libinit$$00000025  c_w.l(libinit2.o)
    0x0800022e   0x0800022e   0x00000000   Code   RO         2729    .ARM.Collect$$libinit$$0000002C  c_w.l(libinit2.o)
    0x0800022e   0x0800022e   0x00000000   Code   RO         2731    .ARM.Collect$$libinit$$0000002E  c_w.l(libinit2.o)
    0x0800022e   0x0800022e   0x00000000   Code   RO         2733    .ARM.Collect$$libinit$$00000030  c_w.l(libinit2.o)
    0x0800022e   0x0800022e   0x00000004   Code   RO         2734    .ARM.Collect$$libinit$$00000031  c_w.l(libinit2.o)
    0x08000232   0x08000232   0x00000000   Code   RO         2735    .ARM.Collect$$libinit$$00000032  c_w.l(libinit2.o)
    0x08000232   0x08000232   0x00000002   Code   RO         2736    .ARM.Collect$$libinit$$00000033  c_w.l(libinit2.o)
    0x08000234   0x08000234   0x00000002   Code   RO         2953    .ARM.Collect$$libshutdown$$00000000  c_w.l(libshutdown.o)
    0x08000236   0x08000236   0x00000006   Code   RO         2898    .ARM.Collect$$libshutdown$$00000001  c_w.l(libshutdown2.o)
    0x0800023c   0x0800023c   0x00000000   Code   RO         2899    .ARM.Collect$$libshutdown$$00000002  c_w.l(libshutdown2.o)
    0x0800023c   0x0800023c   0x00000000   Code   RO         2901    .ARM.Collect$$libshutdown$$00000004  c_w.l(libshutdown2.o)
    0x0800023c   0x0800023c   0x00000000   Code   RO         2904    .ARM.Collect$$libshutdown$$00000007  c_w.l(libshutdown2.o)
    0x0800023c   0x0800023c   0x00000000   Code   RO         2907    .ARM.Collect$$libshutdown$$0000000A  c_w.l(libshutdown2.o)
    0x0800023c   0x0800023c   0x00000000   Code   RO         2909    .ARM.Collect$$libshutdown$$0000000C  c_w.l(libshutdown2.o)
    0x0800023c   0x0800023c   0x00000000   Code   RO         2912    .ARM.Collect$$libshutdown$$0000000F  c_w.l(libshutdown2.o)
    0x0800023c   0x0800023c   0x00000002   Code   RO         2913    .ARM.Collect$$libshutdown$$00000010  c_w.l(libshutdown2.o)
    0x0800023e   0x0800023e   0x00000000   Code   RO         2611    .ARM.Collect$$rtentry$$00000000  c_w.l(__rtentry.o)
    0x0800023e   0x0800023e   0x00000000   Code   RO         2785    .ARM.Collect$$rtentry$$00000002  c_w.l(__rtentry2.o)
    0x0800023e   0x0800023e   0x00000006   Code   RO         2797    .ARM.Collect$$rtentry$$00000004  c_w.l(__rtentry4.o)
    0x08000244   0x08000244   0x00000000   Code   RO         2787    .ARM.Collect$$rtentry$$00000009  c_w.l(__rtentry2.o)
    0x08000244   0x08000244   0x00000004   Code   RO         2788    .ARM.Collect$$rtentry$$0000000A  c_w.l(__rtentry2.o)
    0x08000248   0x08000248   0x00000000   Code   RO         2790    .ARM.Collect$$rtentry$$0000000C  c_w.l(__rtentry2.o)
    0x08000248   0x08000248   0x00000008   Code   RO         2791    .ARM.Collect$$rtentry$$0000000D  c_w.l(__rtentry2.o)
    0x08000250   0x08000250   0x00000002   Code   RO         2918    .ARM.Collect$$rtexit$$00000000  c_w.l(rtexit.o)
    0x08000252   0x08000252   0x00000000   Code   RO         2929    .ARM.Collect$$rtexit$$00000002  c_w.l(rtexit2.o)
    0x08000252   0x08000252   0x00000004   Code   RO         2930    .ARM.Collect$$rtexit$$00000003  c_w.l(rtexit2.o)
    0x08000256   0x08000256   0x00000006   Code   RO         2931    .ARM.Collect$$rtexit$$00000004  c_w.l(rtexit2.o)
    0x0800025c   0x0800025c   0x00000040   Code   RO            4    .text               startup_stm32f427xx.o
    0x0800029c   0x0800029c   0x000000f0   Code   RO         2486    .text               c_w.l(lludivv7m.o)
    0x0800038c   0x0800038c   0x00000016   Code   RO         2488    .text               c_w.l(abort.o)
    0x080003a2   0x080003a2   0x0000000a   Code   RO         2493    .text               c_w.l(cxa_atexit.o)
    0x080003ac   0x080003ac   0x00000064   Code   RO         2498    .text               c_w.l(rt_memcpy_w.o)
    0x08000410   0x08000410   0x00000044   Code   RO         2502    .text               c_w.l(rt_memclr.o)
    0x08000454   0x08000454   0x0000004e   Code   RO         2504    .text               c_w.l(rt_memclr_w.o)
    0x080004a2   0x080004a2   0x00000006   Code   RO         2506    .text               c_w.l(heapauxi.o)
    0x080004a8   0x080004a8   0x00000024   Code   RO         2513    .text               c_w.l(init_aeabi.o)
    0x080004cc   0x080004cc   0x0000000c   Code   RO         2607    .text               c_w.l(sys_exit.o)
    0x080004d8   0x080004d8   0x0000005e   Code   RO         2620    .text               c_w.l(h1_alloc.o)
    0x08000536   0x08000536   0x0000004e   Code   RO         2622    .text               c_w.l(h1_free.o)
    0x08000584   0x08000584   0x0000002e   Code   RO         2685    .text               c_w.l(aeabi_atexit.o)
    0x080005b2   0x080005b2   0x0000000e   Code   RO         2688    .text               c_w.l(defsig_abrt_outer.o)
    0x080005c0   0x080005c0   0x00000002   Code   RO         2779    .text               c_w.l(use_no_semi.o)
    0x080005c2   0x080005c2   0x00000000   Code   RO         2783    .text               c_w.l(indicate_semi.o)
    0x080005c2   0x080005c2   0x00000002   PAD
    0x080005c4   0x080005c4   0x00000008   Code   RO         2806    .text               c_w.l(rt_heap_descriptor_intlibspace.o)
    0x080005cc   0x080005cc   0x00000008   Code   RO         2811    .text               c_w.l(rt_ddtor_pointer_addr_intlibspace.o)
    0x080005d4   0x080005d4   0x00000004   Code   RO         2813    .text               c_w.l(hguard.o)
    0x080005d8   0x080005d8   0x0000008a   Code   RO         2815    .text               c_w.l(init_alloc.o)
    0x08000662   0x08000662   0x0000000e   Code   RO         2819    .text               c_w.l(h1_init.o)
    0x08000670   0x08000670   0x00000042   Code   RO         2831    .text               c_w.l(cxa_finalize.o)
    0x080006b2   0x080006b2   0x0000000a   Code   RO         2834    .text               c_w.l(defsig_exit.o)
    0x080006bc   0x080006bc   0x00000030   Code   RO         2836    .text               c_w.l(defsig_abrt_inner.o)
    0x080006ec   0x080006ec   0x00000008   Code   RO         2858    .text               c_w.l(libspace.o)
    0x080006f4   0x080006f4   0x0000004a   Code   RO         2861    .text               c_w.l(sys_stackheap_outer.o)
    0x0800073e   0x0800073e   0x00000000   Code   RO         2865    .text               c_w.l(maybetermalloc1.o)
    0x0800073e   0x0800073e   0x00000034   Code   RO         2867    .text               c_w.l(h1_extend.o)
    0x08000772   0x08000772   0x00000012   Code   RO         2871    .text               c_w.l(exit.o)
    0x08000784   0x08000784   0x00000032   Code   RO         2875    .text               c_w.l(defsig_general.o)
    0x080007b6   0x080007b6   0x0000000e   Code   RO         2881    .text               c_w.l(defsig_rtmem_outer.o)
    0x080007c4   0x080007c4   0x0000000e   Code   RO         2914    .text               c_w.l(sys_wrch.o)
    0x080007d2   0x080007d2   0x00000002   PAD
    0x080007d4   0x080007d4   0x00000050   Code   RO         2924    .text               c_w.l(defsig_rtmem_inner.o)
    0x08000824   0x08000824   0x00000002   Code   RO          136    .text.BusFault_Handler  stm32f4xx_it.o
    0x08000826   0x08000826   0x00000002   PAD
    0x08000828   0x08000828   0x00000010   Code   RO          142    .text.CAN1_RX0_IRQHandler  stm32f4xx_it.o
    0x08000838   0x08000838   0x00000010   Code   RO          144    .text.CAN1_RX1_IRQHandler  stm32f4xx_it.o
    0x08000848   0x08000848   0x00000010   Code   RO          154    .text.CAN2_RX0_IRQHandler  stm32f4xx_it.o
    0x08000858   0x08000858   0x00000010   Code   RO          156    .text.CAN2_RX1_IRQHandler  stm32f4xx_it.o
    0x08000868   0x08000868   0x00000056   Code   RO         2287    .text.Control       controltask.o
    0x080008be   0x080008be   0x00000002   PAD
    0x080008c0   0x080008c0   0x00000010   Code   RO          150    .text.DMA2_Stream1_IRQHandler  stm32f4xx_it.o
    0x080008d0   0x080008d0   0x00000010   Code   RO          152    .text.DMA2_Stream2_IRQHandler  stm32f4xx_it.o
    0x080008e0   0x080008e0   0x00000010   Code   RO          158    .text.DMA2_Stream6_IRQHandler  stm32f4xx_it.o
    0x080008f0   0x080008f0   0x0000003c   Code   RO          815    .text.DMA_CalcBaseAndBitshift  stm32f4xx_hal_dma.o
    0x0800092c   0x0800092c   0x00000050   Code   RO          813    .text.DMA_CheckFifoParam  stm32f4xx_hal_dma.o
    0x0800097c   0x0800097c   0x00000030   Code   RO          821    .text.DMA_SetConfig  stm32f4xx_hal_dma.o
    0x080009ac   0x080009ac   0x00000002   Code   RO          140    .text.DebugMon_Handler  stm32f4xx_it.o
    0x080009ae   0x080009ae   0x00000002   PAD
    0x080009b0   0x080009b0   0x00000006   Code   RO           15    .text.Error_Handler  main.o
    0x080009b6   0x080009b6   0x00000002   PAD
    0x080009b8   0x080009b8   0x00000026   Code   RO          565    .text.HAL_CAN_ActivateNotification  stm32f4xx_hal_can.o
    0x080009de   0x080009de   0x00000002   PAD
    0x080009e0   0x080009e0   0x00000092   Code   RO          551    .text.HAL_CAN_AddTxMessage  stm32f4xx_hal_can.o
    0x08000a72   0x08000a72   0x00000002   PAD
    0x08000a74   0x08000a74   0x000000de   Code   RO          541    .text.HAL_CAN_ConfigFilter  stm32f4xx_hal_can.o
    0x08000b52   0x08000b52   0x00000002   PAD
    0x08000b54   0x08000b54   0x00000002   Code   RO          595    .text.HAL_CAN_ErrorCallback  stm32f4xx_hal_can.o
    0x08000b56   0x08000b56   0x00000002   PAD
    0x08000b58   0x08000b58   0x00000020   Code   RO          563    .text.HAL_CAN_GetRxFifoFillLevel  stm32f4xx_hal_can.o
    0x08000b78   0x08000b78   0x00000128   Code   RO          561    .text.HAL_CAN_GetRxMessage  stm32f4xx_hal_can.o
    0x08000ca0   0x08000ca0   0x00000028   Code   RO          555    .text.HAL_CAN_GetTxMailboxesFreeLevel  stm32f4xx_hal_can.o
    0x08000cc8   0x08000cc8   0x0000023a   Code   RO          569    .text.HAL_CAN_IRQHandler  stm32f4xx_hal_can.o
    0x08000f02   0x08000f02   0x00000002   PAD
    0x08000f04   0x08000f04   0x00000100   Code   RO          531    .text.HAL_CAN_Init  stm32f4xx_hal_can.o
    0x08001004   0x08001004   0x00000136   Code   RO           65    .text.HAL_CAN_MspInit  can.o
    0x0800113a   0x0800113a   0x00000002   PAD
    0x0800113c   0x0800113c   0x00000002   Code   RO          583    .text.HAL_CAN_RxFifo0FullCallback  stm32f4xx_hal_can.o
    0x0800113e   0x0800113e   0x00000002   PAD
    0x08001140   0x08001140   0x00000032   Code   RO         2245    .text.HAL_CAN_RxFifo0MsgPendingCallback  callback.o
    0x08001172   0x08001172   0x00000002   PAD
    0x08001174   0x08001174   0x00000002   Code   RO          587    .text.HAL_CAN_RxFifo1FullCallback  stm32f4xx_hal_can.o
    0x08001176   0x08001176   0x00000002   PAD
    0x08001178   0x08001178   0x00000032   Code   RO         2247    .text.HAL_CAN_RxFifo1MsgPendingCallback  callback.o
    0x080011aa   0x080011aa   0x00000002   PAD
    0x080011ac   0x080011ac   0x00000002   Code   RO          591    .text.HAL_CAN_SleepCallback  stm32f4xx_hal_can.o
    0x080011ae   0x080011ae   0x00000002   PAD
    0x080011b0   0x080011b0   0x0000005a   Code   RO          543    .text.HAL_CAN_Start  stm32f4xx_hal_can.o
    0x0800120a   0x0800120a   0x00000002   PAD
    0x0800120c   0x0800120c   0x00000002   Code   RO          573    .text.HAL_CAN_TxMailbox0AbortCallback  stm32f4xx_hal_can.o
    0x0800120e   0x0800120e   0x00000002   PAD
    0x08001210   0x08001210   0x00000002   Code   RO          571    .text.HAL_CAN_TxMailbox0CompleteCallback  stm32f4xx_hal_can.o
    0x08001212   0x08001212   0x00000002   PAD
    0x08001214   0x08001214   0x00000002   Code   RO          577    .text.HAL_CAN_TxMailbox1AbortCallback  stm32f4xx_hal_can.o
    0x08001216   0x08001216   0x00000002   PAD
    0x08001218   0x08001218   0x00000002   Code   RO          575    .text.HAL_CAN_TxMailbox1CompleteCallback  stm32f4xx_hal_can.o
    0x0800121a   0x0800121a   0x00000002   PAD
    0x0800121c   0x0800121c   0x00000002   Code   RO          581    .text.HAL_CAN_TxMailbox2AbortCallback  stm32f4xx_hal_can.o
    0x0800121e   0x0800121e   0x00000002   PAD
    0x08001220   0x08001220   0x00000002   Code   RO          579    .text.HAL_CAN_TxMailbox2CompleteCallback  stm32f4xx_hal_can.o
    0x08001222   0x08001222   0x00000002   PAD
    0x08001224   0x08001224   0x00000002   Code   RO          593    .text.HAL_CAN_WakeUpFromRxMsgCallback  stm32f4xx_hal_can.o
    0x08001226   0x08001226   0x00000002   PAD
    0x08001228   0x08001228   0x00000080   Code   RO          825    .text.HAL_DMA_Abort  stm32f4xx_hal_dma.o
    0x080012a8   0x080012a8   0x00000024   Code   RO          827    .text.HAL_DMA_Abort_IT  stm32f4xx_hal_dma.o
    0x080012cc   0x080012cc   0x0000018c   Code   RO          831    .text.HAL_DMA_IRQHandler  stm32f4xx_hal_dma.o
    0x08001458   0x08001458   0x000000ce   Code   RO          811    .text.HAL_DMA_Init  stm32f4xx_hal_dma.o
    0x08001526   0x08001526   0x00000002   PAD
    0x08001528   0x08001528   0x00000062   Code   RO          823    .text.HAL_DMA_Start_IT  stm32f4xx_hal_dma.o
    0x0800158a   0x0800158a   0x00000002   PAD
    0x0800158c   0x0800158c   0x0000019a   Code   RO          771    .text.HAL_GPIO_Init  stm32f4xx_hal_gpio.o
    0x08001726   0x08001726   0x00000002   PAD
    0x08001728   0x08001728   0x0000000c   Code   RO         1007    .text.HAL_GetTick   stm32f4xx_hal.o
    0x08001734   0x08001734   0x0000001a   Code   RO         1005    .text.HAL_IncTick   stm32f4xx_hal.o
    0x0800174e   0x0800174e   0x00000002   PAD
    0x08001750   0x08001750   0x00000036   Code   RO          995    .text.HAL_Init      stm32f4xx_hal.o
    0x08001786   0x08001786   0x00000002   PAD
    0x08001788   0x08001788   0x000000a4   Code   RO          178    .text.HAL_InitTick  stm32f4xx_hal_timebase_tim.o
    0x0800182c   0x0800182c   0x00000046   Code   RO          169    .text.HAL_MspInit   stm32f4xx_hal_msp.o
    0x08001872   0x08001872   0x00000002   PAD
    0x08001874   0x08001874   0x00000008   Code   RO          929    .text.HAL_NVIC_EnableIRQ  stm32f4xx_hal_cortex.o
    0x0800187c   0x0800187c   0x0000001e   Code   RO          921    .text.HAL_NVIC_SetPriority  stm32f4xx_hal_cortex.o
    0x0800189a   0x0800189a   0x00000002   PAD
    0x0800189c   0x0800189c   0x00000008   Code   RO          917    .text.HAL_NVIC_SetPriorityGrouping  stm32f4xx_hal_cortex.o
    0x080018a4   0x080018a4   0x0000007a   Code   RO          903    .text.HAL_PWREx_EnableOverDrive  stm32f4xx_hal_pwr_ex.o
    0x0800191e   0x0800191e   0x00000002   PAD
    0x08001920   0x08001920   0x00000160   Code   RO          615    .text.HAL_RCC_ClockConfig  stm32f4xx_hal_rcc.o
    0x08001a80   0x08001a80   0x0000003e   Code   RO          633    .text.HAL_RCC_GetClockConfig  stm32f4xx_hal_rcc.o
    0x08001abe   0x08001abe   0x00000002   PAD
    0x08001ac0   0x08001ac0   0x0000000c   Code   RO          625    .text.HAL_RCC_GetHCLKFreq  stm32f4xx_hal_rcc.o
    0x08001acc   0x08001acc   0x00000022   Code   RO          627    .text.HAL_RCC_GetPCLK1Freq  stm32f4xx_hal_rcc.o
    0x08001aee   0x08001aee   0x00000002   PAD
    0x08001af0   0x08001af0   0x00000022   Code   RO          629    .text.HAL_RCC_GetPCLK2Freq  stm32f4xx_hal_rcc.o
    0x08001b12   0x08001b12   0x00000002   PAD
    0x08001b14   0x08001b14   0x00000068   Code   RO          617    .text.HAL_RCC_GetSysClockFreq  stm32f4xx_hal_rcc.o
    0x08001b7c   0x08001b7c   0x00000344   Code   RO          613    .text.HAL_RCC_OscConfig  stm32f4xx_hal_rcc.o
    0x08001ec0   0x08001ec0   0x00000002   Code   RO          517    .text.HAL_TIMEx_BreakCallback  stm32f4xx_hal_tim_ex.o
    0x08001ec2   0x08001ec2   0x00000002   PAD
    0x08001ec4   0x08001ec4   0x00000002   Code   RO          513    .text.HAL_TIMEx_CommutCallback  stm32f4xx_hal_tim_ex.o
    0x08001ec6   0x08001ec6   0x00000002   PAD
    0x08001ec8   0x08001ec8   0x0000005a   Code   RO          193    .text.HAL_TIM_Base_Init  stm32f4xx_hal_tim.o
    0x08001f22   0x08001f22   0x00000002   PAD
    0x08001f24   0x08001f24   0x00000002   Code   RO          195    .text.HAL_TIM_Base_MspInit  stm32f4xx_hal_tim.o
    0x08001f26   0x08001f26   0x00000002   PAD
    0x08001f28   0x08001f28   0x000000a8   Code   RO          207    .text.HAL_TIM_Base_Start_IT  stm32f4xx_hal_tim.o
    0x08001fd0   0x08001fd0   0x00000002   Code   RO          329    .text.HAL_TIM_IC_CaptureCallback  stm32f4xx_hal_tim.o
    0x08001fd2   0x08001fd2   0x00000002   PAD
    0x08001fd4   0x08001fd4   0x00000134   Code   RO          327    .text.HAL_TIM_IRQHandler  stm32f4xx_hal_tim.o
    0x08002108   0x08002108   0x0000005c   Code   RO           91    .text.HAL_TIM_MspPostInit  tim.o
    0x08002164   0x08002164   0x00000002   Code   RO          331    .text.HAL_TIM_OC_DelayElapsedCallback  stm32f4xx_hal_tim.o
    0x08002166   0x08002166   0x00000002   PAD
    0x08002168   0x08002168   0x00000098   Code   RO          359    .text.HAL_TIM_PWM_ConfigChannel  stm32f4xx_hal_tim.o
    0x08002200   0x08002200   0x0000005a   Code   RO          247    .text.HAL_TIM_PWM_Init  stm32f4xx_hal_tim.o
    0x0800225a   0x0800225a   0x00000002   PAD
    0x0800225c   0x0800225c   0x00000036   Code   RO           93    .text.HAL_TIM_PWM_MspInit  tim.o
    0x08002292   0x08002292   0x00000002   PAD
    0x08002294   0x08002294   0x00000002   Code   RO          333    .text.HAL_TIM_PWM_PulseFinishedCallback  stm32f4xx_hal_tim.o
    0x08002296   0x08002296   0x00000002   PAD
    0x08002298   0x08002298   0x00000014   Code   RO           17    .text.HAL_TIM_PeriodElapsedCallback  main.o
    0x080022ac   0x080022ac   0x00000002   Code   RO          337    .text.HAL_TIM_TriggerCallback  stm32f4xx_hal_tim.o
    0x080022ae   0x080022ae   0x00000002   PAD
    0x080022b0   0x080022b0   0x0000005c   Code   RO         1144    .text.HAL_UARTEx_ReceiveToIdle_DMA  stm32f4xx_hal_uart.o
    0x0800230c   0x0800230c   0x0000005c   Code   RO         2243    .text.HAL_UARTEx_RxEventCallback  callback.o
    0x08002368   0x08002368   0x00000002   Code   RO         1180    .text.HAL_UART_ErrorCallback  stm32f4xx_hal_uart.o
    0x0800236a   0x0800236a   0x00000002   PAD
    0x0800236c   0x0800236c   0x0000026a   Code   RO         1174    .text.HAL_UART_IRQHandler  stm32f4xx_hal_uart.o
    0x080025d6   0x080025d6   0x00000002   PAD
    0x080025d8   0x080025d8   0x00000060   Code   RO         1090    .text.HAL_UART_Init  stm32f4xx_hal_uart.o
    0x08002638   0x08002638   0x00000222   Code   RO          112    .text.HAL_UART_MspInit  usart.o
    0x0800285a   0x0800285a   0x00000002   PAD
    0x0800285c   0x0800285c   0x000000c2   Code   RO         1110    .text.HAL_UART_Receive  stm32f4xx_hal_uart.o
    0x0800291e   0x0800291e   0x00000002   PAD
    0x08002920   0x08002920   0x0000002c   Code   RO         1126    .text.HAL_UART_Receive_DMA  stm32f4xx_hal_uart.o
    0x0800294c   0x0800294c   0x0000002a   Code   RO         1114    .text.HAL_UART_Receive_IT  stm32f4xx_hal_uart.o
    0x08002976   0x08002976   0x00000002   PAD
    0x08002978   0x08002978   0x00000002   Code   RO         1192    .text.HAL_UART_RxCpltCallback  stm32f4xx_hal_uart.o
    0x0800297a   0x0800297a   0x00000002   PAD
    0x0800297c   0x0800297c   0x00000002   Code   RO         1194    .text.HAL_UART_RxHalfCpltCallback  stm32f4xx_hal_uart.o
    0x0800297e   0x0800297e   0x00000002   PAD
    0x08002980   0x08002980   0x000000b4   Code   RO         1106    .text.HAL_UART_Transmit  stm32f4xx_hal_uart.o
    0x08002a34   0x08002a34   0x0000008c   Code   RO         1118    .text.HAL_UART_Transmit_DMA  stm32f4xx_hal_uart.o
    0x08002ac0   0x08002ac0   0x00000038   Code   RO         1112    .text.HAL_UART_Transmit_IT  stm32f4xx_hal_uart.o
    0x08002af8   0x08002af8   0x00000002   Code   RO         1188    .text.HAL_UART_TxCpltCallback  stm32f4xx_hal_uart.o
    0x08002afa   0x08002afa   0x00000002   PAD
    0x08002afc   0x08002afc   0x00000002   Code   RO         1190    .text.HAL_UART_TxHalfCpltCallback  stm32f4xx_hal_uart.o
    0x08002afe   0x08002afe   0x00000002   PAD
    0x08002b00   0x08002b00   0x00000002   Code   RO          132    .text.HardFault_Handler  stm32f4xx_it.o
    0x08002b02   0x08002b02   0x00000002   PAD
    0x08002b04   0x08002b04   0x0000003c   Code   RO           61    .text.MX_CAN1_Init  can.o
    0x08002b40   0x08002b40   0x0000003c   Code   RO           63    .text.MX_CAN2_Init  can.o
    0x08002b7c   0x08002b7c   0x00000056   Code   RO           80    .text.MX_DMA_Init   dma.o
    0x08002bd2   0x08002bd2   0x00000002   PAD
    0x08002bd4   0x08002bd4   0x000000c6   Code   RO           38    .text.MX_FREERTOS_Init  freertos.o
    0x08002c9a   0x08002c9a   0x00000002   PAD
    0x08002c9c   0x08002c9c   0x00000088   Code   RO           28    .text.MX_GPIO_Init  gpio.o
    0x08002d24   0x08002d24   0x00000070   Code   RO           89    .text.MX_TIM12_Init  tim.o
    0x08002d94   0x08002d94   0x00000044   Code   RO          106    .text.MX_USART1_UART_Init  usart.o
    0x08002dd8   0x08002dd8   0x00000038   Code   RO          108    .text.MX_USART3_UART_Init  usart.o
    0x08002e10   0x08002e10   0x00000038   Code   RO          110    .text.MX_USART6_UART_Init  usart.o
    0x08002e48   0x08002e48   0x00000002   Code   RO          134    .text.MemManage_Handler  stm32f4xx_it.o
    0x08002e4a   0x08002e4a   0x00000002   PAD
    0x08002e4c   0x08002e4c   0x00000010   Code   RO         2356    .text.Motor         motortask.o
    0x08002e5c   0x08002e5c   0x00000002   Code   RO          130    .text.NMI_Handler   stm32f4xx_it.o
    0x08002e5e   0x08002e5e   0x00000002   PAD
    0x08002e60   0x08002e60   0x0000002c   Code   RO          927    .text.NVIC_EncodePriority  stm32f4xx_hal_cortex.o
    0x08002e8c   0x08002e8c   0x00000004   PAD
    0x08002e90   0x08002e90   0x00000064   Code   RO         1713    .text.PendSV_Handler  port.o
    0x08002ef4   0x08002ef4   0x0000000c   PAD
    0x08002f00   0x08002f00   0x00000024   Code   RO         1697    .text.SVC_Handler   port.o
    0x08002f24   0x08002f24   0x0000000c   Code   RO         2448    .text.Serial        serivaltask.o
    0x08002f30   0x08002f30   0x00000008   Code   RO           40    .text.StartDefaultTask  freertos.o
    0x08002f38   0x08002f38   0x0000002e   Code   RO         1715    .text.SysTick_Handler  port.o
    0x08002f66   0x08002f66   0x00000002   PAD
    0x08002f68   0x08002f68   0x000000ae   Code   RO           13    .text.SystemClock_Config  main.o
    0x08003016   0x08003016   0x00000002   PAD
    0x08003018   0x08003018   0x00000012   Code   RO         1222    .text.SystemInit    system_stm32f4xx.o
    0x0800302a   0x0800302a   0x00000002   PAD
    0x0800302c   0x0800302c   0x00000010   Code   RO          146    .text.TIM1_UP_TIM10_IRQHandler  stm32f4xx_it.o
    0x0800303c   0x0800303c   0x0000012c   Code   RO          197    .text.TIM_Base_SetConfig  stm32f4xx_hal_tim.o
    0x08003168   0x08003168   0x00000064   Code   RO          341    .text.TIM_OC1_SetConfig  stm32f4xx_hal_tim.o
    0x080031cc   0x080031cc   0x0000006a   Code   RO          343    .text.TIM_OC2_SetConfig  stm32f4xx_hal_tim.o
    0x08003236   0x08003236   0x00000002   PAD
    0x08003238   0x08003238   0x0000006a   Code   RO          345    .text.TIM_OC3_SetConfig  stm32f4xx_hal_tim.o
    0x080032a2   0x080032a2   0x00000002   PAD
    0x080032a4   0x080032a4   0x00000050   Code   RO          347    .text.TIM_OC4_SetConfig  stm32f4xx_hal_tim.o
    0x080032f4   0x080032f4   0x0000000e   Code   RO         1178    .text.UART_DMAAbortOnError  stm32f4xx_hal_uart.o
    0x08003302   0x08003302   0x00000002   PAD
    0x08003304   0x08003304   0x0000004c   Code   RO         1124    .text.UART_DMAError  stm32f4xx_hal_uart.o
    0x08003350   0x08003350   0x00000084   Code   RO         1210    .text.UART_DMAReceiveCplt  stm32f4xx_hal_uart.o
    0x080033d4   0x080033d4   0x0000001e   Code   RO         1212    .text.UART_DMARxHalfCplt  stm32f4xx_hal_uart.o
    0x080033f2   0x080033f2   0x00000002   PAD
    0x080033f4   0x080033f4   0x00000040   Code   RO         1120    .text.UART_DMATransmitCplt  stm32f4xx_hal_uart.o
    0x08003434   0x08003434   0x0000000a   Code   RO         1122    .text.UART_DMATxHalfCplt  stm32f4xx_hal_uart.o
    0x0800343e   0x0800343e   0x00000002   PAD
    0x08003440   0x08003440   0x00000050   Code   RO         1138    .text.UART_EndRxTransfer  stm32f4xx_hal_uart.o
    0x08003490   0x08003490   0x00000018   Code   RO         1186    .text.UART_EndTransmit_IT  stm32f4xx_hal_uart.o
    0x080034a8   0x080034a8   0x0000001c   Code   RO         1136    .text.UART_EndTxTransfer  stm32f4xx_hal_uart.o
    0x080034c4   0x080034c4   0x000000c8   Code   RO         1176    .text.UART_Receive_IT  stm32f4xx_hal_uart.o
    0x0800358c   0x0800358c   0x000000dc   Code   RO         1094    .text.UART_SetConfig  stm32f4xx_hal_uart.o
    0x08003668   0x08003668   0x000000aa   Code   RO         1128    .text.UART_Start_Receive_DMA  stm32f4xx_hal_uart.o
    0x08003712   0x08003712   0x00000002   PAD
    0x08003714   0x08003714   0x00000034   Code   RO         1116    .text.UART_Start_Receive_IT  stm32f4xx_hal_uart.o
    0x08003748   0x08003748   0x00000052   Code   RO         1184    .text.UART_Transmit_IT  stm32f4xx_hal_uart.o
    0x0800379a   0x0800379a   0x00000002   PAD
    0x0800379c   0x0800379c   0x00000088   Code   RO         1108    .text.UART_WaitOnFlagUntilTimeout  stm32f4xx_hal_uart.o
    0x08003824   0x08003824   0x00000010   Code   RO          148    .text.USART1_IRQHandler  stm32f4xx_it.o
    0x08003834   0x08003834   0x00000010   Code   RO          160    .text.USART6_IRQHandler  stm32f4xx_it.o
    0x08003844   0x08003844   0x00000002   Code   RO          138    .text.UsageFault_Handler  stm32f4xx_it.o
    0x08003846   0x08003846   0x00000002   PAD
    0x08003848   0x08003848   0x00000018   Code   RO         2289    .text._GLOBAL__sub_I_ControlTask.cpp  controltask.o
    0x08003860   0x08003860   0x0000000c   Code   RO         2376    .text._GLOBAL__sub_I_MotorTask.cpp  motortask.o
    0x0800386c   0x0800386c   0x0000006c   Code   RO         2281    .text._Z11gimbal_stopv  controltask.o
    0x080038d8   0x080038d8   0x00000048   Code   RO         2444    .text._Z11serivalInitv  serivaltask.o
    0x08003920   0x08003920   0x00000038   Code   RO         2277    .text._Z12check_onlinev  controltask.o
    0x08003958   0x08003958   0x000000ae   Code   RO         2352    .text._Z13MotorTaskInitv  motortask.o
    0x08003a06   0x08003a06   0x00000002   PAD
    0x08003a08   0x08003a08   0x00000148   Code   RO         2283    .text._Z13gimbal_manualv  controltask.o
    0x08003b50   0x08003b50   0x00000010   Code   RO         2275    .text._Z15gimbal_fsm_initv  controltask.o
    0x08003b60   0x08003b60   0x00000094   Code   RO         2279    .text._Z16SetTarget_gimbalv  controltask.o
    0x08003bf4   0x08003bf4   0x00000036   Code   RO         2285    .text._Z16main_loop_gimbalhhb  controltask.o
    0x08003c2a   0x08003c2a   0x00000002   PAD
    0x08003c2c   0x08003c2c   0x00000054   Code   RO         2358    .text._ZL19motor_control_logicv  motortask.o
    0x08003c80   0x08003c80   0x00000090   Code   RO         1795    .text._ZN10Gimbal_FSM11StateUpdateEhhb  finitestatemachine_gimbal.o
    0x08003d10   0x08003d10   0x00000006   Code   RO         2332    .text._ZN10Gimbal_FSM13Get_Now_StateEv  controltask.o
    0x08003d16   0x08003d16   0x00000002   PAD
    0x08003d18   0x08003d18   0x00000042   Code   RO         1791    .text._ZN10Gimbal_FSM4InitEv  finitestatemachine_gimbal.o
    0x08003d5a   0x08003d5a   0x00000002   PAD
    0x08003d5c   0x08003d5c   0x0000000e   Code   RO         1793    .text._ZN10Gimbal_FSM8SetStateEhhb  finitestatemachine_gimbal.o
    0x08003d6a   0x08003d6a   0x00000002   PAD
    0x08003d6c   0x08003d6c   0x0000001a   Code   RO         2306    .text._ZN10Gimbal_FSMC2Ev  controltask.o
    0x08003d86   0x08003d86   0x00000002   PAD
    0x08003d88   0x08003d88   0x00000006   Code   RO         1787    .text._ZN3ALG3PID3PID11setFeedbackEf  pid.o
    0x08003d8e   0x08003d8e   0x00000002   PAD
    0x08003d90   0x08003d90   0x00000012   Code   RO         2322    .text._ZN3ALG3PID3PID5resetEv  controltask.o
    0x08003da2   0x08003da2   0x00000002   PAD
    0x08003da4   0x08003da4   0x00000170   Code   RO         1776    .text._ZN3ALG3PID3PID6UpDateEff  pid.o
    0x08003f14   0x08003f14   0x00000006   Code   RO         2326    .text._ZN3ALG3PID3PID9getOutputEv  controltask.o
    0x08003f1a   0x08003f1a   0x00000002   PAD
    0x08003f1c   0x08003f1c   0x00000006   Code   RO         1785    .text._ZN3ALG3PID3PID9setTargetEf  pid.o
    0x08003f22   0x08003f22   0x00000002   PAD
    0x08003f24   0x08003f24   0x0000001a   Code   RO         1774    .text._ZN3ALG3PID3PIDC2Effffff  pid.o
    0x08003f3e   0x08003f3e   0x00000002   PAD
    0x08003f40   0x08003f40   0x0000000c   Code   RO         1884    .text._ZN3BSP11WATCH_STATE10StateWatch10UpdateTimeEv  state_watch.o
    0x08003f4c   0x08003f4c   0x00000034   Code   RO         1888    .text._ZN3BSP11WATCH_STATE10StateWatch11CheckStatusEv  state_watch.o
    0x08003f80   0x08003f80   0x0000000c   Code   RO         1886    .text._ZN3BSP11WATCH_STATE10StateWatch14UpdateLastTimeEv  state_watch.o
    0x08003f8c   0x08003f8c   0x0000000e   Code   RO         2415    .text._ZN3BSP11WATCH_STATE10StateWatchC2Ej  motortask.o
    0x08003f9a   0x08003f9a   0x00000002   PAD
    0x08003f9c   0x08003f9c   0x00000010   Code   RO         2413    .text._ZN3BSP11WATCH_STATE10StateWatchC2Ev  motortask.o
    0x08003fac   0x08003fac   0x00000048   Code   RO         1849    .text._ZN3BSP11WATCH_STATE19BuzzerManagerSimple11getInstanceEv  buzzer_manager.o
    0x08003ff4   0x08003ff4   0x00000036   Code   RO         1855    .text._ZN3BSP11WATCH_STATE19BuzzerManagerSimple16requestMotorRingEh  buzzer_manager.o
    0x0800402a   0x0800402a   0x00000002   PAD
    0x0800402c   0x0800402c   0x00000028   Code   RO         1857    .text._ZN3BSP11WATCH_STATE19BuzzerManagerSimple17requestRemoteRingEv  buzzer_manager.o
    0x08004054   0x08004054   0x0000000a   Code   RO         1853    .text._ZN3BSP11WATCH_STATE19BuzzerManagerSimple4initEv  buzzer_manager.o
    0x0800405e   0x0800405e   0x00000002   PAD
    0x08004060   0x08004060   0x0000000a   Code   RO         1851    .text._ZN3BSP11WATCH_STATE19BuzzerManagerSimpleC2Ev  buzzer_manager.o
    0x0800406a   0x0800406a   0x00000002   PAD
    0x0800406c   0x0800406c   0x00000032   Code   RO         2310    .text._ZN3BSP14REMOTE_CONTROL16RemoteController11isConnectedEv  controltask.o
    0x0800409e   0x0800409e   0x00000002   PAD
    0x080040a0   0x080040a0   0x0000000a   Code   RO         1952    .text._ZN3BSP14REMOTE_CONTROL16RemoteController15updateTimestampEv  dt7.o
    0x080040aa   0x080040aa   0x00000002   PAD
    0x080040ac   0x080040ac   0x00000120   Code   RO         1933    .text._ZN3BSP14REMOTE_CONTROL16RemoteController9parseDataEPKh  dt7.o
    0x080041cc   0x080041cc   0x0000003c   Code   RO         1941    .text._ZN3BSP14REMOTE_CONTROLL12discreteAxisEss  dt7.o
    0x08004208   0x08004208   0x00000006   Code   RO         2421    .text._ZN3BSP5Motor2DM10ParametersC2Effffffffff  motortask.o
    0x0800420e   0x0800420e   0x00000002   PAD
    0x08004210   0x08004210   0x0000002a   Code   RO         2403    .text._ZN3BSP5Motor2DM11DMMotorBaseILh1EE13float_to_uintEfffi  motortask.o
    0x0800423a   0x0800423a   0x00000002   PAD
    0x0800423c   0x0800423c   0x0000002a   Code   RO         2429    .text._ZN3BSP5Motor2DM11DMMotorBaseILh1EE13uint_to_floatEiffi  motortask.o
    0x08004266   0x08004266   0x00000002   PAD
    0x08004268   0x08004268   0x0000005a   Code   RO         2324    .text._ZN3BSP5Motor2DM11DMMotorBaseILh1EE2OnEhNS1_5ModelE  controltask.o
    0x080042c2   0x080042c2   0x00000002   PAD
    0x080042c4   0x080042c4   0x0000005a   Code   RO         2318    .text._ZN3BSP5Motor2DM11DMMotorBaseILh1EE3OffEhNS1_5ModelE  controltask.o
    0x0800431e   0x0800431e   0x00000002   PAD
    0x08004320   0x08004320   0x00000090   Code   RO         2425    .text._ZN3BSP5Motor2DM11DMMotorBaseILh1EE5ParseERKN3HAL3CAN5FrameE  motortask.o
    0x080043b0   0x080043b0   0x000000e8   Code   RO         2401    .text._ZN3BSP5Motor2DM11DMMotorBaseILh1EE8ctrl_MitEhfffff  motortask.o
    0x08004498   0x08004498   0x000001a8   Code   RO         2427    .text._ZN3BSP5Motor2DM11DMMotorBaseILh1EE9ConfigureEj  motortask.o
    0x08004640   0x08004640   0x00000064   Code   RO         2423    .text._ZN3BSP5Motor2DM11DMMotorBaseILh1EEC2EtRA1_KhRA1_KjNS1_10ParametersE  motortask.o
    0x080046a4   0x080046a4   0x00000098   Code   RO         2395    .text._ZN3BSP5Motor2DM5J4310ILh1EEC2EtRA1_KhRA1_Kj  motortask.o
    0x0800473c   0x0800473c   0x00000004   PAD
    0x08004740   0x08004740   0x000000f8   Code   RO         2405    .text._ZN3BSP5Motor3Dji10ParametersC2Eddddd  motortask.o
    0x08004838   0x08004838   0x00000050   Code   RO         2409    .text._ZN3BSP5Motor3Dji12DjiMotorBaseILh1EE5ParseERKN3HAL3CAN5FrameE  motortask.o
    0x08004888   0x08004888   0x0000000e   Code   RO         2397    .text._ZN3BSP5Motor3Dji12DjiMotorBaseILh1EE6setCANEsi  motortask.o
    0x08004896   0x08004896   0x00000002   PAD
    0x08004898   0x08004898   0x00000030   Code   RO         2399    .text._ZN3BSP5Motor3Dji12DjiMotorBaseILh1EE7sendCANEv  motortask.o
    0x080048c8   0x080048c8   0x00000208   Code   RO         2417    .text._ZN3BSP5Motor3Dji12DjiMotorBaseILh1EE9ConfigureEj  motortask.o
    0x08004ad0   0x08004ad0   0x0000003c   Code   RO         2407    .text._ZN3BSP5Motor3Dji12DjiMotorBaseILh1EEC2EtRA1_KhjNS1_10ParametersE  motortask.o
    0x08004b0c   0x08004b0c   0x00000004   PAD
    0x08004b10   0x08004b10   0x00000080   Code   RO         2393    .text._ZN3BSP5Motor3Dji6GM6020ILh1EEC2EtRA1_Khj  motortask.o
    0x08004b90   0x08004b90   0x0000001c   Code   RO         2330    .text._ZN3BSP5Motor9MotorBaseILh1EE11getAngleDegEh  controltask.o
    0x08004bac   0x08004bac   0x00000006   Code   RO         2316    .text._ZN3BSP5Motor9MotorBaseILh1EE11getIsenableEv  controltask.o
    0x08004bb2   0x08004bb2   0x00000002   PAD
    0x08004bb4   0x08004bb4   0x00000046   Code   RO         2308    .text._ZN3BSP5Motor9MotorBaseILh1EE11isConnectedEhh  controltask.o
    0x08004bfa   0x08004bfa   0x00000002   PAD
    0x08004bfc   0x08004bfc   0x00000006   Code   RO         2320    .text._ZN3BSP5Motor9MotorBaseILh1EE11setIsenableEb  controltask.o
    0x08004c02   0x08004c02   0x00000002   PAD
    0x08004c04   0x08004c04   0x0000001c   Code   RO         2328    .text._ZN3BSP5Motor9MotorBaseILh1EE14getVelocityRpmEh  controltask.o
    0x08004c20   0x08004c20   0x0000001c   Code   RO         2419    .text._ZN3BSP5Motor9MotorBaseILh1EE15updateTimestampEh  motortask.o
    0x08004c3c   0x08004c3c   0x0000003e   Code   RO         2411    .text._ZN3BSP5Motor9MotorBaseILh1EEC2Ej  motortask.o
    0x08004c7a   0x08004c7a   0x00000002   PAD
    0x08004c7c   0x08004c7c   0x0000000e   Code   RO         2037    .text._ZN3HAL3CAN10ICanDeviceC2Ev  can_device_impl.o
    0x08004c8a   0x08004c8a   0x00000002   PAD
    0x08004c8c   0x08004c8c   0x00000002   Code   RO         2043    .text._ZN3HAL3CAN10ICanDeviceD0Ev  can_device_impl.o
    0x08004c8e   0x08004c8e   0x00000002   PAD
    0x08004c90   0x08004c90   0x00000002   Code   RO         1990    .text._ZN3HAL3CAN10ICanDeviceD2Ev  can_bus_impl.o
    0x08004c92   0x08004c92   0x00000002   PAD
    0x08004c94   0x08004c94   0x00000008   Code   RO         2071    .text._ZN3HAL3CAN20get_can_bus_instanceEv  can_bus.o
    0x08004c9c   0x08004c9c   0x0000001c   Code   RO         1968    .text._ZN3HAL3CAN6CanBus10get_deviceENS0_11CanDeviceIdE  can_bus_impl.o
    0x08004cb8   0x08004cb8   0x00000012   Code   RO         1966    .text._ZN3HAL3CAN6CanBus15register_deviceENS0_11CanDeviceIdEPNS0_9CanDeviceE  can_bus_impl.o
    0x08004cca   0x08004cca   0x00000002   PAD
    0x08004ccc   0x08004ccc   0x0000002e   Code   RO         1962    .text._ZN3HAL3CAN6CanBus4initEv  can_bus_impl.o
    0x08004cfa   0x08004cfa   0x00000002   PAD
    0x08004cfc   0x08004cfc   0x00000076   Code   RO         1960    .text._ZN3HAL3CAN6CanBus8instanceEv  can_bus_impl.o
    0x08004d72   0x08004d72   0x00000002   PAD
    0x08004d74   0x08004d74   0x00000062   Code   RO         1964    .text._ZN3HAL3CAN6CanBusC2Ev  can_bus_impl.o
    0x08004dd6   0x08004dd6   0x00000002   PAD
    0x08004dd8   0x08004dd8   0x0000000c   Code   RO         1986    .text._ZN3HAL3CAN6CanBusD0Ev  can_bus_impl.o
    0x08004de4   0x08004de4   0x0000002a   Code   RO         1982    .text._ZN3HAL3CAN6CanBusD2Ev  can_bus_impl.o
    0x08004e0e   0x08004e0e   0x00000002   PAD
    0x08004e10   0x08004e10   0x0000000c   Code   RO         2340    .text._ZN3HAL3CAN7ICanBus8get_can1Ev  controltask.o
    0x08004e1c   0x08004e1c   0x0000000e   Code   RO         1984    .text._ZN3HAL3CAN7ICanBusC2Ev  can_bus_impl.o
    0x08004e2a   0x08004e2a   0x00000002   PAD
    0x08004e2c   0x08004e2c   0x00000002   Code   RO         2002    .text._ZN3HAL3CAN7ICanBusD0Ev  can_bus_impl.o
    0x08004e2e   0x08004e2e   0x00000002   PAD
    0x08004e30   0x08004e30   0x00000002   Code   RO         2000    .text._ZN3HAL3CAN7ICanBusD2Ev  can_bus_impl.o
    0x08004e32   0x08004e32   0x00000002   PAD
    0x08004e34   0x08004e34   0x00000030   Code   RO         2015    .text._ZN3HAL3CAN9CanDevice16configure_filterEv  can_device_impl.o
    0x08004e64   0x08004e64   0x000000c0   Code   RO         2025    .text._ZN3HAL3CAN9CanDevice20register_rx_callbackENSt3__18functionIFvRKNS0_5FrameEEEE  can_device_impl.o
    0x08004f24   0x08004f24   0x00000028   Code   RO         2027    .text._ZN3HAL3CAN9CanDevice20trigger_rx_callbacksERKNS0_5FrameE  can_device_impl.o
    0x08004f4c   0x08004f4c   0x00000008   Code   RO         2013    .text._ZN3HAL3CAN9CanDevice4initEv  can_device_impl.o
    0x08004f54   0x08004f54   0x00000058   Code   RO         2019    .text._ZN3HAL3CAN9CanDevice4sendERKNS0_5FrameE  can_device_impl.o
    0x08004fac   0x08004fac   0x00000022   Code   RO         2017    .text._ZN3HAL3CAN9CanDevice5startEv  can_device_impl.o
    0x08004fce   0x08004fce   0x00000002   PAD
    0x08004fd0   0x08004fd0   0x00000064   Code   RO         2021    .text._ZN3HAL3CAN9CanDevice7receiveERNS0_5FrameE  can_device_impl.o
    0x08005034   0x08005034   0x0000002a   Code   RO         2011    .text._ZN3HAL3CAN9CanDeviceC2EP17CAN_HandleTypeDefjj  can_device_impl.o
    0x0800505e   0x0800505e   0x00000002   PAD
    0x08005060   0x08005060   0x0000000c   Code   RO         2041    .text._ZN3HAL3CAN9CanDeviceD0Ev  can_device_impl.o
    0x0800506c   0x0800506c   0x00000022   Code   RO         1988    .text._ZN3HAL3CAN9CanDeviceD2Ev  can_bus_impl.o
    0x0800508e   0x0800508e   0x00000002   PAD
    0x08005090   0x08005090   0x0000001e   Code   RO         2167    .text._ZN3HAL4UART10UartDevice11receive_dmaERNS0_4DataE  uart_device_impl.o
    0x080050ae   0x080050ae   0x00000002   PAD
    0x080050b0   0x080050b0   0x00000014   Code   RO         2163    .text._ZN3HAL4UART10UartDevice12receive_byteERh  uart_device_impl.o
    0x080050c4   0x080050c4   0x0000001e   Code   RO         2165    .text._ZN3HAL4UART10UartDevice12transmit_dmaERKNS0_4DataE  uart_device_impl.o
    0x080050e2   0x080050e2   0x00000002   PAD
    0x080050e4   0x080050e4   0x00000020   Code   RO         2161    .text._ZN3HAL4UART10UartDevice13transmit_byteEh  uart_device_impl.o
    0x08005104   0x08005104   0x0000002c   Code   RO         2175    .text._ZN3HAL4UART10UartDevice15clear_ore_errorERNS0_4DataE  uart_device_impl.o
    0x08005130   0x08005130   0x0000001e   Code   RO         2169    .text._ZN3HAL4UART10UartDevice16receive_dma_idleERNS0_4DataE  uart_device_impl.o
    0x0800514e   0x0800514e   0x00000002   PAD
    0x08005150   0x08005150   0x000000c0   Code   RO         2171    .text._ZN3HAL4UART10UartDevice20register_rx_callbackENSt3__18functionIFvRKNS0_4DataEEEE  uart_device_impl.o
    0x08005210   0x08005210   0x00000028   Code   RO         2173    .text._ZN3HAL4UART10UartDevice20trigger_rx_callbacksERKNS0_4DataE  uart_device_impl.o
    0x08005238   0x08005238   0x00000002   Code   RO         2153    .text._ZN3HAL4UART10UartDevice4initEv  uart_device_impl.o
    0x0800523a   0x0800523a   0x00000002   PAD
    0x0800523c   0x0800523c   0x0000000e   Code   RO         2155    .text._ZN3HAL4UART10UartDevice5startEv  uart_device_impl.o
    0x0800524a   0x0800524a   0x00000002   PAD
    0x0800524c   0x0800524c   0x0000001e   Code   RO         2159    .text._ZN3HAL4UART10UartDevice7receiveERNS0_4DataE  uart_device_impl.o
    0x0800526a   0x0800526a   0x00000002   PAD
    0x0800526c   0x0800526c   0x0000001e   Code   RO         2157    .text._ZN3HAL4UART10UartDevice8transmitERKNS0_4DataE  uart_device_impl.o
    0x0800528a   0x0800528a   0x00000002   PAD
    0x0800528c   0x0800528c   0x00000022   Code   RO         2151    .text._ZN3HAL4UART10UartDeviceC2EP20__UART_HandleTypeDef  uart_device_impl.o
    0x080052ae   0x080052ae   0x00000002   PAD
    0x080052b0   0x080052b0   0x0000000c   Code   RO         2191    .text._ZN3HAL4UART10UartDeviceD0Ev  uart_device_impl.o
    0x080052bc   0x080052bc   0x00000022   Code   RO         2132    .text._ZN3HAL4UART10UartDeviceD2Ev  uart_bus_impl.o
    0x080052de   0x080052de   0x00000002   PAD
    0x080052e0   0x080052e0   0x0000000e   Code   RO         2187    .text._ZN3HAL4UART11IUartDeviceC2Ev  uart_device_impl.o
    0x080052ee   0x080052ee   0x00000002   PAD
    0x080052f0   0x080052f0   0x00000002   Code   RO         2193    .text._ZN3HAL4UART11IUartDeviceD0Ev  uart_device_impl.o
    0x080052f2   0x080052f2   0x00000002   PAD
    0x080052f4   0x080052f4   0x00000002   Code   RO         2134    .text._ZN3HAL4UART11IUartDeviceD2Ev  uart_bus_impl.o
    0x080052f6   0x080052f6   0x00000002   PAD
    0x080052f8   0x080052f8   0x00000008   Code   RO         2220    .text._ZN3HAL4UART21get_uart_bus_instanceEv  uart_bus.o
    0x08005300   0x08005300   0x0000001c   Code   RO         2112    .text._ZN3HAL4UART7UartBus10get_deviceENS0_12UartDeviceIdE  uart_bus_impl.o
    0x0800531c   0x0800531c   0x00000012   Code   RO         2110    .text._ZN3HAL4UART7UartBus15register_deviceENS0_12UartDeviceIdEPNS0_10UartDeviceE  uart_bus_impl.o
    0x0800532e   0x0800532e   0x00000002   PAD
    0x08005330   0x08005330   0x0000002e   Code   RO         2106    .text._ZN3HAL4UART7UartBus4initEv  uart_bus_impl.o
    0x0800535e   0x0800535e   0x00000002   PAD
    0x08005360   0x08005360   0x00000076   Code   RO         2104    .text._ZN3HAL4UART7UartBus8instanceEv  uart_bus_impl.o
    0x080053d6   0x080053d6   0x00000002   PAD
    0x080053d8   0x080053d8   0x0000007a   Code   RO         2108    .text._ZN3HAL4UART7UartBusC2Ev  uart_bus_impl.o
    0x08005452   0x08005452   0x00000002   PAD
    0x08005454   0x08005454   0x0000000c   Code   RO         2130    .text._ZN3HAL4UART7UartBusD0Ev  uart_bus_impl.o
    0x08005460   0x08005460   0x00000032   Code   RO         2126    .text._ZN3HAL4UART7UartBusD2Ev  uart_bus_impl.o
    0x08005492   0x08005492   0x00000002   PAD
    0x08005494   0x08005494   0x0000000e   Code   RO         2128    .text._ZN3HAL4UART8IUartBusC2Ev  uart_bus_impl.o
    0x080054a2   0x080054a2   0x00000002   PAD
    0x080054a4   0x080054a4   0x00000002   Code   RO         2142    .text._ZN3HAL4UART8IUartBusD0Ev  uart_bus_impl.o
    0x080054a6   0x080054a6   0x00000002   PAD
    0x080054a8   0x080054a8   0x00000002   Code   RO         2140    .text._ZN3HAL4UART8IUartBusD2Ev  uart_bus_impl.o
    0x080054aa   0x080054aa   0x00000002   PAD
    0x080054ac   0x080054ac   0x00000004   Code   RO         2338    .text._ZNK3BSP11WATCH_STATE10StateWatch9GetStatusEv  controltask.o
    0x080054b0   0x080054b0   0x00000052   Code   RO         1937    .text._ZNK3BSP14REMOTE_CONTROL16RemoteController11extractBitsEPKhjh  dt7.o
    0x08005502   0x08005502   0x00000002   PAD
    0x08005504   0x08005504   0x0000000a   Code   RO         1943    .text._ZNK3BSP14REMOTE_CONTROL16RemoteController11extractBoolEh  dt7.o
    0x0800550e   0x0800550e   0x00000002   PAD
    0x08005510   0x08005510   0x00000006   Code   RO         2312    .text._ZNK3BSP14REMOTE_CONTROL16RemoteController11get_right_xEv  controltask.o
    0x08005516   0x08005516   0x00000002   PAD
    0x08005518   0x08005518   0x00000006   Code   RO         2314    .text._ZNK3BSP14REMOTE_CONTROL16RemoteController11get_right_yEv  controltask.o
    0x0800551e   0x0800551e   0x00000002   PAD
    0x08005520   0x08005520   0x00000008   Code   RO         1939    .text._ZNK3BSP14REMOTE_CONTROL16RemoteController13extract16BitsEhh  dt7.o
    0x08005528   0x08005528   0x0000001c   Code   RO         1935    .text._ZNK3BSP14REMOTE_CONTROL16RemoteController15mapChannelValueEt  dt7.o
    0x08005544   0x08005544   0x00000004   Code   RO         2334    .text._ZNK3BSP14REMOTE_CONTROL16RemoteController6get_s1Ev  controltask.o
    0x08005548   0x08005548   0x00000004   Code   RO         2336    .text._ZNK3BSP14REMOTE_CONTROL16RemoteController6get_s2Ev  controltask.o
    0x0800554c   0x0800554c   0x00000016   Code   RO         1970    .text._ZNK3HAL3CAN6CanBus10has_deviceENS0_11CanDeviceIdE  can_bus_impl.o
    0x08005562   0x08005562   0x00000002   PAD
    0x08005564   0x08005564   0x00000004   Code   RO         2023    .text._ZNK3HAL3CAN9CanDevice10get_handleEv  can_device_impl.o
    0x08005568   0x08005568   0x00000004   Code   RO         2177    .text._ZNK3HAL4UART10UartDevice10get_handleEv  uart_device_impl.o
    0x0800556c   0x0800556c   0x00000016   Code   RO         2114    .text._ZNK3HAL4UART7UartBus10has_deviceENS0_12UartDeviceIdE  uart_bus_impl.o
    0x08005582   0x08005582   0x00000002   PAD
    0x08005584   0x08005584   0x0000000e   Code   RO         2454    .text._ZNKSt3__110__function6__funcIZ11serivalInitvE3$_0NS_9allocatorIS2_EEFvRKN3HAL4UART4DataEEE7__cloneEPNS0_6__baseISA_EE  serivaltask.o
    0x08005592   0x08005592   0x00000002   PAD
    0x08005594   0x08005594   0x00000016   Code   RO         2452    .text._ZNKSt3__110__function6__funcIZ11serivalInitvE3$_0NS_9allocatorIS2_EEFvRKN3HAL4UART4DataEEE7__cloneEv  serivaltask.o
    0x080055aa   0x080055aa   0x00000002   PAD
    0x080055ac   0x080055ac   0x0000000e   Code   RO         2364    .text._ZNKSt3__110__function6__funcIZ13MotorTaskInitvE3$_0NS_9allocatorIS2_EEFvRKN3HAL3CAN5FrameEEE7__cloneEPNS0_6__baseISA_EE  motortask.o
    0x080055ba   0x080055ba   0x00000002   PAD
    0x080055bc   0x080055bc   0x00000016   Code   RO         2362    .text._ZNKSt3__110__function6__funcIZ13MotorTaskInitvE3$_0NS_9allocatorIS2_EEFvRKN3HAL3CAN5FrameEEE7__cloneEv  motortask.o
    0x080055d2   0x080055d2   0x00000004   Code   RO         2589    .text._ZNKSt3__120__vector_base_commonILb1EE20__throw_length_errorEv  libcpp_w.l(vector.cpp.o)
    0x080055d6   0x080055d6   0x00000002   PAD
    0x080055d8   0x080055d8   0x0000000a   Code   RO         2059    .text._ZNKSt3__16vectorINS_8functionIFvRKN3HAL3CAN5FrameEEEENS_9allocatorIS8_EEE8max_sizeEv  can_device_impl.o
    0x080055e2   0x080055e2   0x00000002   PAD
    0x080055e4   0x080055e4   0x0000000a   Code   RO         2209    .text._ZNKSt3__16vectorINS_8functionIFvRKN3HAL4UART4DataEEEENS_9allocatorIS8_EEE8max_sizeEv  uart_device_impl.o
    0x080055ee   0x080055ee   0x00000002   PAD
    0x080055f0   0x080055f0   0x00000012   Code   RO         2039    .text._ZNKSt3__18functionIFvRKN3HAL3CAN5FrameEEEclES5_  can_device_impl.o
    0x08005602   0x08005602   0x00000002   PAD
    0x08005604   0x08005604   0x00000012   Code   RO         2189    .text._ZNKSt3__18functionIFvRKN3HAL4UART4DataEEEclES5_  uart_device_impl.o
    0x08005616   0x08005616   0x00000002   PAD
    0x08005618   0x08005618   0x00000002   Code   RO         2051    .text._ZNSt3__110__function12__value_funcIFvRKN3HAL3CAN5FrameEEE9__as_baseEPv  can_device_impl.o
    0x0800561a   0x0800561a   0x00000002   PAD
    0x0800561c   0x0800561c   0x00000002   Code   RO         2201    .text._ZNSt3__110__function12__value_funcIFvRKN3HAL4UART4DataEEE9__as_baseEPv  uart_device_impl.o
    0x0800561e   0x0800561e   0x00000002   PAD
    0x08005620   0x08005620   0x00000002   Code   RO         2431    .text._ZNSt3__110__function6__baseIFvRKN3HAL3CAN5FrameEEED2Ev  motortask.o
    0x08005622   0x08005622   0x00000002   PAD
    0x08005624   0x08005624   0x00000002   Code   RO         2477    .text._ZNSt3__110__function6__baseIFvRKN3HAL4UART4DataEEED2Ev  serivaltask.o
    0x08005626   0x08005626   0x00000002   PAD
    0x08005628   0x08005628   0x0000000a   Code   RO         2458    .text._ZNSt3__110__function6__funcIZ11serivalInitvE3$_0NS_9allocatorIS2_EEFvRKN3HAL4UART4DataEEE18destroy_deallocateEv  serivaltask.o
    0x08005632   0x08005632   0x00000002   PAD
    0x08005634   0x08005634   0x00000002   Code   RO         2456    .text._ZNSt3__110__function6__funcIZ11serivalInitvE3$_0NS_9allocatorIS2_EEFvRKN3HAL4UART4DataEEE7destroyEv  serivaltask.o
    0x08005636   0x08005636   0x00000002   PAD
    0x08005638   0x08005638   0x00000008   Code   RO         2450    .text._ZNSt3__110__function6__funcIZ11serivalInitvE3$_0NS_9allocatorIS2_EEFvRKN3HAL4UART4DataEEED0Ev  serivaltask.o
    0x08005640   0x08005640   0x0000000a   Code   RO         2460    .text._ZNSt3__110__function6__funcIZ11serivalInitvE3$_0NS_9allocatorIS2_EEFvRKN3HAL4UART4DataEEEclES9_  serivaltask.o
    0x0800564a   0x0800564a   0x00000002   PAD
    0x0800564c   0x0800564c   0x0000000a   Code   RO         2368    .text._ZNSt3__110__function6__funcIZ13MotorTaskInitvE3$_0NS_9allocatorIS2_EEFvRKN3HAL3CAN5FrameEEE18destroy_deallocateEv  motortask.o
    0x08005656   0x08005656   0x00000002   PAD
    0x08005658   0x08005658   0x00000002   Code   RO         2366    .text._ZNSt3__110__function6__funcIZ13MotorTaskInitvE3$_0NS_9allocatorIS2_EEFvRKN3HAL3CAN5FrameEEE7destroyEv  motortask.o
    0x0800565a   0x0800565a   0x00000002   PAD
    0x0800565c   0x0800565c   0x00000008   Code   RO         2360    .text._ZNSt3__110__function6__funcIZ13MotorTaskInitvE3$_0NS_9allocatorIS2_EEFvRKN3HAL3CAN5FrameEEED0Ev  motortask.o
    0x08005664   0x08005664   0x0000000a   Code   RO         2370    .text._ZNSt3__110__function6__funcIZ13MotorTaskInitvE3$_0NS_9allocatorIS2_EEFvRKN3HAL3CAN5FrameEEEclES9_  motortask.o
    0x0800566e   0x0800566e   0x00000002   PAD
    0x08005670   0x08005670   0x0000002a   Code   RO         1992    .text._ZNSt3__113__vector_baseINS_8functionIFvRKN3HAL3CAN5FrameEEEENS_9allocatorIS8_EEED2Ev  can_bus_impl.o
    0x0800569a   0x0800569a   0x00000002   PAD
    0x0800569c   0x0800569c   0x0000002a   Code   RO         2136    .text._ZNSt3__113__vector_baseINS_8functionIFvRKN3HAL4UART4DataEEEENS_9allocatorIS8_EEED2Ev  uart_bus_impl.o
    0x080056c6   0x080056c6   0x00000002   PAD
    0x080056c8   0x080056c8   0x00000046   Code   RO         2053    .text._ZNSt3__114__split_bufferINS_8functionIFvRKN3HAL3CAN5FrameEEEERNS_9allocatorIS8_EEEC2EjjSB_  can_device_impl.o
    0x0800570e   0x0800570e   0x00000002   PAD
    0x08005710   0x08005710   0x0000002c   Code   RO         2057    .text._ZNSt3__114__split_bufferINS_8functionIFvRKN3HAL3CAN5FrameEEEERNS_9allocatorIS8_EEED2Ev  can_device_impl.o
    0x0800573c   0x0800573c   0x00000046   Code   RO         2203    .text._ZNSt3__114__split_bufferINS_8functionIFvRKN3HAL4UART4DataEEEERNS_9allocatorIS8_EEEC2EjjSB_  uart_device_impl.o
    0x08005782   0x08005782   0x00000002   PAD
    0x08005784   0x08005784   0x0000002c   Code   RO         2207    .text._ZNSt3__114__split_bufferINS_8functionIFvRKN3HAL4UART4DataEEEERNS_9allocatorIS8_EEED2Ev  uart_device_impl.o
    0x080057b0   0x080057b0   0x00000008   Code   RO         1996    .text._ZNSt3__117_DeallocateCaller27__do_deallocate_handle_sizeEPvj  can_bus_impl.o
    0x080057b8   0x080057b8   0x00000008   Code   RO         1998    .text._ZNSt3__117_DeallocateCaller9__do_callEPv  can_bus_impl.o
    0x080057c0   0x080057c0   0x0000000e   Code   RO         2462    .text._ZNSt3__128__invoke_void_return_wrapperIvE6__callIJRZ11serivalInitvE3$_0RKN3HAL4UART4DataEEEEvDpOT_  serivaltask.o
    0x080057ce   0x080057ce   0x00000002   PAD
    0x080057d0   0x080057d0   0x00000008   Code   RO         2372    .text._ZNSt3__128__invoke_void_return_wrapperIvE6__callIJRZ13MotorTaskInitvE3$_0RKN3HAL3CAN5FrameEEEEvDpOT_  motortask.o
    0x080057d8   0x080057d8   0x00000012   Code   RO         2045    .text._ZNSt3__16vectorINS_8functionIFvRKN3HAL3CAN5FrameEEEENS_9allocatorIS8_EEE21_ConstructTransactionC2ERSB_j  can_device_impl.o
    0x080057ea   0x080057ea   0x00000002   PAD
    0x080057ec   0x080057ec   0x00000008   Code   RO         2047    .text._ZNSt3__16vectorINS_8functionIFvRKN3HAL3CAN5FrameEEEENS_9allocatorIS8_EEE21_ConstructTransactionD2Ev  can_device_impl.o
    0x080057f4   0x080057f4   0x00000048   Code   RO         2055    .text._ZNSt3__16vectorINS_8functionIFvRKN3HAL3CAN5FrameEEEENS_9allocatorIS8_EEE26__swap_out_circular_bufferERNS_14__split_bufferIS8_RSA_EE  can_device_impl.o
    0x0800583c   0x0800583c   0x00000012   Code   RO         2195    .text._ZNSt3__16vectorINS_8functionIFvRKN3HAL4UART4DataEEEENS_9allocatorIS8_EEE21_ConstructTransactionC2ERSB_j  uart_device_impl.o
    0x0800584e   0x0800584e   0x00000002   PAD
    0x08005850   0x08005850   0x00000008   Code   RO         2197    .text._ZNSt3__16vectorINS_8functionIFvRKN3HAL4UART4DataEEEENS_9allocatorIS8_EEE21_ConstructTransactionD2Ev  uart_device_impl.o
    0x08005858   0x08005858   0x00000048   Code   RO         2205    .text._ZNSt3__16vectorINS_8functionIFvRKN3HAL4UART4DataEEEENS_9allocatorIS8_EEE26__swap_out_circular_bufferERNS_14__split_bufferIS8_RSA_EE  uart_device_impl.o
    0x080058a0   0x080058a0   0x00000036   Code   RO         2061    .text._ZNSt3__18functionIFvRKN3HAL3CAN5FrameEEEC2EOS7_  can_device_impl.o
    0x080058d6   0x080058d6   0x00000002   PAD
    0x080058d8   0x080058d8   0x00000036   Code   RO         2049    .text._ZNSt3__18functionIFvRKN3HAL3CAN5FrameEEEC2ERKS7_  can_device_impl.o
    0x0800590e   0x0800590e   0x00000002   PAD
    0x08005910   0x08005910   0x00000010   Code   RO         2354    .text._ZNSt3__18functionIFvRKN3HAL3CAN5FrameEEEC2IZ13MotorTaskInitvE3$_0vEET_  motortask.o
    0x08005920   0x08005920   0x00000020   Code   RO         1994    .text._ZNSt3__18functionIFvRKN3HAL3CAN5FrameEEED2Ev  can_bus_impl.o
    0x08005940   0x08005940   0x00000036   Code   RO         2211    .text._ZNSt3__18functionIFvRKN3HAL4UART4DataEEEC2EOS7_  uart_device_impl.o
    0x08005976   0x08005976   0x00000002   PAD
    0x08005978   0x08005978   0x00000036   Code   RO         2199    .text._ZNSt3__18functionIFvRKN3HAL4UART4DataEEEC2ERKS7_  uart_device_impl.o
    0x080059ae   0x080059ae   0x00000002   PAD
    0x080059b0   0x080059b0   0x00000010   Code   RO         2446    .text._ZNSt3__18functionIFvRKN3HAL4UART4DataEEEC2IZ11serivalInitvE3$_0vEET_  serivaltask.o
    0x080059c0   0x080059c0   0x00000020   Code   RO         2138    .text._ZNSt3__18functionIFvRKN3HAL4UART4DataEEED2Ev  uart_bus_impl.o
    0x080059e0   0x080059e0   0x0000000c   Code   RO         2775    .text._ZSt15get_new_handlerv  libcppabi_w.l(cxa_handlers.cpp.o)
    0x080059ec   0x080059ec   0x00000026   Code   RO         2464    .text._ZZ11serivalInitvENK3$_0clEN3HAL4UART4DataE  serivaltask.o
    0x08005a12   0x08005a12   0x00000002   PAD
    0x08005a14   0x08005a14   0x00000022   Code   RO         2374    .text._ZZ13MotorTaskInitvENK3$_0clERKN3HAL3CAN5FrameE  motortask.o
    0x08005a36   0x08005a36   0x00000004   Code   RO         2551    .text._ZdlPv        libcpp_w.l(new.cpp.o)
    0x08005a3a   0x08005a3a   0x00000002   PAD
    0x08005a3c   0x08005a3c   0x00000026   Code   RO         2543    .text._Znwj         libcpp_w.l(new.cpp.o)
    0x08005a62   0x08005a62   0x00000002   PAD
    0x08005a64   0x08005a64   0x00000020   Code   RO          931    .text.__NVIC_EnableIRQ  stm32f4xx_hal_cortex.o
    0x08005a84   0x08005a84   0x00000010   Code   RO          923    .text.__NVIC_GetPriorityGrouping  stm32f4xx_hal_cortex.o
    0x08005a94   0x08005a94   0x00000022   Code   RO          925    .text.__NVIC_SetPriority  stm32f4xx_hal_cortex.o
    0x08005ab6   0x08005ab6   0x00000002   PAD
    0x08005ab8   0x08005ab8   0x00000020   Code   RO          919    .text.__NVIC_SetPriorityGrouping  stm32f4xx_hal_cortex.o
    0x08005ad8   0x08005ad8   0x0000005c   Code   RO         2594    .text.__cxa_guard_acquire  libcppabi_w.l(cxa_guard.cpp.o)
    0x08005b34   0x08005b34   0x00000008   Code   RO         2596    .text.__cxa_guard_release  libcppabi_w.l(cxa_guard.cpp.o)
    0x08005b3c   0x08005b3c   0x00000028   Code   RO         2602    .text.__cxa_pure_virtual  libcppabi_w.l(cxa_virtual.cpp.o)
    0x08005b64   0x08005b64   0x00000010   Code   RO         2265    .text.__cxx_global_var_init  controltask.o
    0x08005b74   0x08005b74   0x00000026   Code   RO         2348    .text.__cxx_global_var_init  motortask.o
    0x08005b9a   0x08005b9a   0x00000002   PAD
    0x08005b9c   0x08005b9c   0x00000030   Code   RO         2267    .text.__cxx_global_var_init.1  controltask.o
    0x08005bcc   0x08005bcc   0x00000026   Code   RO         2350    .text.__cxx_global_var_init.1  motortask.o
    0x08005bf2   0x08005bf2   0x00000002   PAD
    0x08005bf4   0x08005bf4   0x00000034   Code   RO         2269    .text.__cxx_global_var_init.2  controltask.o
    0x08005c28   0x08005c28   0x00000034   Code   RO         2271    .text.__cxx_global_var_init.3  controltask.o
    0x08005c5c   0x08005c5c   0x00000030   Code   RO         2273    .text.__cxx_global_var_init.4  controltask.o
    0x08005c8c   0x08005c8c   0x00000004   Code   RO         2757    .text.abort_message  libcppabi_w.l(abort_message.cpp.o)
    0x08005c90   0x08005c90   0x00000032   Code   RO           11    .text.main          main.o
    0x08005cc2   0x08005cc2   0x00000002   PAD
    0x08005cc4   0x08005cc4   0x0000000c   Code   RO         1551    .text.makeFreeRtosPriority  cmsis_os.o
    0x08005cd0   0x08005cd0   0x00000010   Code   RO         1565    .text.osDelay       cmsis_os.o
    0x08005ce0   0x08005ce0   0x0000000a   Code   RO         1541    .text.osKernelStart  cmsis_os.o
    0x08005cea   0x08005cea   0x00000002   PAD
    0x08005cec   0x08005cec   0x0000006e   Code   RO         1549    .text.osThreadCreate  cmsis_os.o
    0x08005d5a   0x08005d5a   0x00000002   PAD
    0x08005d5c   0x08005d5c   0x000000a2   Code   RO         1425    .text.prvAddCurrentTaskToDelayedList  tasks.o
    0x08005dfe   0x08005dfe   0x00000002   PAD
    0x08005e00   0x08005e00   0x000000ac   Code   RO         1411    .text.prvAddNewTaskToReadyList  tasks.o
    0x08005eac   0x08005eac   0x0000004e   Code   RO         1509    .text.prvCheckTasksWaitingTermination  tasks.o
    0x08005efa   0x08005efa   0x00000002   PAD
    0x08005efc   0x08005efc   0x00000036   Code   RO         1417    .text.prvDeleteTCB  tasks.o
    0x08005f32   0x08005f32   0x00000002   PAD
    0x08005f34   0x08005f34   0x00000076   Code   RO         1663    .text.prvHeapInit   heap_4.o
    0x08005faa   0x08005faa   0x00000002   PAD
    0x08005fac   0x08005fac   0x0000002a   Code   RO         1447    .text.prvIdleTask   tasks.o
    0x08005fd6   0x08005fd6   0x00000002   PAD
    0x08005fd8   0x08005fd8   0x00000088   Code   RO         1409    .text.prvInitialiseNewTask  tasks.o
    0x08006060   0x08006060   0x0000006e   Code   RO         1507    .text.prvInitialiseTaskLists  tasks.o
    0x080060ce   0x080060ce   0x00000002   PAD
    0x080060d0   0x080060d0   0x00000062   Code   RO         1665    .text.prvInsertBlockIntoFreeList  heap_4.o
    0x08006132   0x08006132   0x00000002   PAD
    0x08006134   0x08006134   0x00000028   Code   RO         1705    .text.prvPortStartFirstTask  port.o
    0x0800615c   0x0800615c   0x00000028   Code   RO         1419    .text.prvResetNextTaskUnblockTime  tasks.o
    0x08006184   0x08006184   0x00000032   Code   RO         1695    .text.prvTaskExitError  port.o
    0x080061b6   0x080061b6   0x00000002   PAD
    0x080061b8   0x080061b8   0x00000138   Code   RO         1661    .text.pvPortMalloc  heap_4.o
    0x080062f0   0x080062f0   0x00000028   Code   RO         1693    .text.pxPortInitialiseStack  port.o
    0x08006318   0x08006318   0x00000028   Code   RO         1276    .text.uxListRemove  list.o
    0x08006340   0x08006340   0x0000001a   Code   RO           36    .text.vApplicationGetIdleTaskMemory  freertos.o
    0x0800635a   0x0800635a   0x00000002   PAD
    0x0800635c   0x0800635c   0x00000016   Code   RO         1268    .text.vListInitialise  list.o
    0x08006372   0x08006372   0x00000002   PAD
    0x08006374   0x08006374   0x00000006   Code   RO         1270    .text.vListInitialiseItem  list.o
    0x0800637a   0x0800637a   0x00000002   PAD
    0x0800637c   0x0800637c   0x0000003a   Code   RO         1274    .text.vListInsert   list.o
    0x080063b6   0x080063b6   0x00000002   PAD
    0x080063b8   0x080063b8   0x0000001c   Code   RO         1272    .text.vListInsertEnd  list.o
    0x080063d4   0x080063d4   0x00000014   Code   RO         1703    .text.vPortEnableVFP  port.o
    0x080063e8   0x080063e8   0x00000046   Code   RO         1709    .text.vPortEnterCritical  port.o
    0x0800642e   0x0800642e   0x00000002   PAD
    0x08006430   0x08006430   0x0000002e   Code   RO         1711    .text.vPortExitCritical  port.o
    0x0800645e   0x0800645e   0x00000002   PAD
    0x08006460   0x08006460   0x0000008a   Code   RO         1667    .text.vPortFree     heap_4.o
    0x080064ea   0x080064ea   0x00000002   PAD
    0x080064ec   0x080064ec   0x00000034   Code   RO         1701    .text.vPortSetupTimerInterrupt  port.o
    0x08006520   0x08006520   0x00000054   Code   RO         1421    .text.vTaskDelay    tasks.o
    0x08006574   0x08006574   0x00000080   Code   RO         1445    .text.vTaskStartScheduler  tasks.o
    0x080065f4   0x080065f4   0x00000010   Code   RO         1423    .text.vTaskSuspendAll  tasks.o
    0x08006604   0x08006604   0x00000086   Code   RO         1437    .text.vTaskSwitchContext  tasks.o
    0x0800668a   0x0800668a   0x00000002   PAD
    0x0800668c   0x0800668c   0x00000116   Code   RO         1699    .text.xPortStartScheduler  port.o
    0x080067a2   0x080067a2   0x00000002   PAD
    0x080067a4   0x080067a4   0x00000066   Code   RO         1413    .text.xTaskCreate   tasks.o
    0x0800680a   0x0800680a   0x00000002   PAD
    0x0800680c   0x0800680c   0x00000076   Code   RO         1407    .text.xTaskCreateStatic  tasks.o
    0x08006882   0x08006882   0x00000002   PAD
    0x08006884   0x08006884   0x00000164   Code   RO         1451    .text.xTaskIncrementTick  tasks.o
    0x080069e8   0x080069e8   0x00000118   Code   RO         1427    .text.xTaskResumeAll  tasks.o
    0x08006b00   0x08006b00   0x00000062   Code   RO         2516    x$fpl$d2f           fz_wm.l(d2f.o)
    0x08006b62   0x08006b62   0x00000002   PAD
    0x08006b64   0x08006b64   0x00000150   Code   RO         2518    x$fpl$dadd          fz_wm.l(daddsub_clz.o)
    0x08006cb4   0x08006cb4   0x00000018   Code   RO         2842    x$fpl$dcmpinf       fz_wm.l(dcmpi.o)
    0x08006ccc   0x08006ccc   0x000002b0   Code   RO         2527    x$fpl$ddiv          fz_wm.l(ddiv.o)
    0x08006f7c   0x08006f7c   0x00000078   Code   RO         2741    x$fpl$deqf          fz_wm.l(deqf.o)
    0x08006ff4   0x08006ff4   0x0000002e   Code   RO         2531    x$fpl$dflt          fz_wm.l(dflt_clz.o)
    0x08007022   0x08007022   0x00000026   Code   RO         2530    x$fpl$dfltu         fz_wm.l(dflt_clz.o)
    0x08007048   0x08007048   0x00000078   Code   RO         2743    x$fpl$dgeqf         fz_wm.l(dgeqf.o)
    0x080070c0   0x080070c0   0x00000078   Code   RO         2745    x$fpl$dleqf         fz_wm.l(dleqf.o)
    0x08007138   0x08007138   0x00000154   Code   RO         2536    x$fpl$dmul          fz_wm.l(dmul.o)
    0x0800728c   0x0800728c   0x0000009c   Code   RO         2747    x$fpl$dnaninf       fz_wm.l(dnaninf.o)
    0x08007328   0x08007328   0x0000000c   Code   RO         2749    x$fpl$dretinf       fz_wm.l(dretinf.o)
    0x08007334   0x08007334   0x000001d4   Code   RO         2520    x$fpl$dsub          fz_wm.l(daddsub_clz.o)
    0x08007508   0x08007508   0x00000056   Code   RO         2538    x$fpl$f2d           fz_wm.l(f2d.o)
    0x0800755e   0x0800755e   0x00000054   Code   RO         2524    x$fpl$fcmp          fz_wm.l(dcmp.o)
    0x080075b2   0x080075b2   0x0000008c   Code   RO         2751    x$fpl$fnaninf       fz_wm.l(fnaninf.o)
    0x0800763e   0x0800763e   0x0000001a   Code   RO         2844    x$fpl$fpinit        fz_wm.l(fpinit.o)
    0x08007658   0x08007658   0x0000000a   Code   RO         2753    x$fpl$fretinf       fz_wm.l(fretinf.o)
    0x08007662   0x08007662   0x00000000   Code   RO         2755    x$fpl$usenofp       fz_wm.l(usenofp.o)
    0x08007662   0x08007662   0x00000006   PAD
    0x08007668   0x08007668   0x00000008   Data   RO         2249    .rodata..L__const.HAL_UARTEx_RxEventCallback.rx_data  callback.o
    0x08007670   0x08007670   0x0000001c   Data   RO           51    .rodata..L__const.MX_FREERTOS_Init.os_thread_def_ALG  freertos.o
    0x0800768c   0x0800768c   0x0000001c   Data   RO           49    .rodata..L__const.MX_FREERTOS_Init.os_thread_def_CAN  freertos.o
    0x080076a8   0x080076a8   0x0000001c   Data   RO           47    .rodata..L__const.MX_FREERTOS_Init.os_thread_def_SERIAL  freertos.o
    0x080076c4   0x080076c4   0x0000001c   Data   RO           45    .rodata..L__const.MX_FREERTOS_Init.os_thread_def_defaultTask  freertos.o
    0x080076e0   0x080076e0   0x00000008   Data   RO         2468    .rodata..L__const._Z11serivalInitv.dr16_rx_data  serivaltask.o
    0x080076e8   0x080076e8   0x00000010   Data   RO         1227    .rodata.AHBPrescTable  system_stm32f4xx.o
    0x080076f8   0x080076f8   0x00000008   Data   RO         1228    .rodata.APBPrescTable  system_stm32f4xx.o
    0x08007700   0x08007700   0x00000010   Data   RO         1805    .rodata._ZL11State_Names  finitestatemachine_gimbal.o
    0x08007710   0x08007710   0x0000000c   Data   RO         2437    .rodata._ZTVN3BSP5Motor2DM11DMMotorBaseILh1EEE  motortask.o
    0x0800771c   0x0800771c   0x0000000c   Data   RO         2436    .rodata._ZTVN3BSP5Motor2DM5J4310ILh1EEE  motortask.o
    0x08007728   0x08007728   0x0000000c   Data   RO         2434    .rodata._ZTVN3BSP5Motor3Dji12DjiMotorBaseILh1EEE  motortask.o
    0x08007734   0x08007734   0x0000000c   Data   RO         2433    .rodata._ZTVN3BSP5Motor3Dji6GM6020ILh1EEE  motortask.o
    0x08007740   0x08007740   0x0000000c   Data   RO         2435    .rodata._ZTVN3BSP5Motor9MotorBaseILh1EEE  motortask.o
    0x0800774c   0x0800774c   0x0000002c   Data   RO         2063    .rodata._ZTVN3HAL3CAN10ICanDeviceE  can_device_impl.o
    0x08007778   0x08007778   0x00000018   Data   RO         1974    .rodata._ZTVN3HAL3CAN6CanBusE  can_bus_impl.o
    0x08007790   0x08007790   0x00000018   Data   RO         2004    .rodata._ZTVN3HAL3CAN7ICanBusE  can_bus_impl.o
    0x080077a8   0x080077a8   0x0000002c   Data   RO         2029    .rodata._ZTVN3HAL3CAN9CanDeviceE  can_device_impl.o
    0x080077d4   0x080077d4   0x00000044   Data   RO         2179    .rodata._ZTVN3HAL4UART10UartDeviceE  uart_device_impl.o
    0x08007818   0x08007818   0x00000044   Data   RO         2213    .rodata._ZTVN3HAL4UART11IUartDeviceE  uart_device_impl.o
    0x0800785c   0x0800785c   0x00000018   Data   RO         2118    .rodata._ZTVN3HAL4UART7UartBusE  uart_bus_impl.o
    0x08007874   0x08007874   0x00000018   Data   RO         2144    .rodata._ZTVN3HAL4UART8IUartBusE  uart_bus_impl.o
    0x0800788c   0x0800788c   0x00000024   Data   RO         2469    .rodata._ZTVNSt3__110__function6__funcIZ11serivalInitvE3$_0NS_9allocatorIS2_EEFvRKN3HAL4UART4DataEEEE  serivaltask.o
    0x080078b0   0x080078b0   0x00000024   Data   RO         2384    .rodata._ZTVNSt3__110__function6__funcIZ13MotorTaskInitvE3$_0NS_9allocatorIS2_EEFvRKN3HAL3CAN5FrameEEEE  motortask.o
    0x080078d4   0x080078d4   0x0000001b   Data   RO           44    .rodata.str1.1      freertos.o
    0x080078ef   0x080078ef   0x0000001c   Data   RO         1806    .rodata.str1.1      finitestatemachine_gimbal.o
    0x0800790b   0x0800790b   0x00000001   PAD
    0x0800790c   0x0800790c   0x00000020   Data   RO         2954    Region$$Table       anon$$obj.o
    0x0800792c   0x0800792c   0x00000004   Data   RO         2298    .init_array         controltask.o
    0x08007930   0x0800792c   0x00000004   Data   RO         2385    .init_array         motortask.o
    0x08007934   0x0800792c   0x00000000   Data   RO         2511    .init_array         c_w.l(init_aeabi.o)


    Execution Region RW_IRAM2 (Exec base: 0x10000000, Load base: 0x08007990, Size: 0x00000000, Max: 0x00010000, ABSOLUTE)

    **** No section assigned to this execution region ****


    Execution Region RW_IRAM1 (Exec base: 0x20000000, Load base: 0x08007938, Size: 0x00004de0, Max: 0x00030000, ABSOLUTE)

    Exec Addr    Load Addr    Size         Type   Attr      Idx    E Section Name        Object

    0x20000000   0x08007938   0x00000048   Data   RW         2466    .data.DR16          serivaltask.o
    0x20000048   0x08007980   0x00000004   Data   RW         1226    .data.SystemCoreClock  system_stm32f4xx.o
    0x2000004c   0x08007984   0x00000001   Data   RW         1054    .data.uwTickFreq    stm32f4xx_hal.o
    0x2000004d   0x08007985   0x00000003   PAD
    0x20000050   0x08007988   0x00000004   Data   RW         1053    .data.uwTickPrio    stm32f4xx_hal.o
    0x20000054   0x0800798c   0x00000004   Data   RW         1721    .data.uxCriticalNesting  port.o
    0x20000058        -       0x00000060   Zero   RW         2859    .bss                c_w.l(libspace.o)
    0x200000b8        -       0x00000004   Zero   RW           52    .bss.ALGHandle      freertos.o
    0x200000bc        -       0x00000004   Zero   RW           50    .bss.CANHandle      freertos.o
    0x200000c0        -       0x00000004   Zero   RW           71    .bss.HAL_RCC_CAN1_CLK_ENABLED  can.o
    0x200000c4   0x08007990   0x00000004   PAD
    0x200000c8        -       0x000000e8   Zero   RW         2378    .bss.Motor6020      motortask.o
    0x200001b0        -       0x000000a8   Zero   RW         2379    .bss.MotorJ4310     motortask.o
    0x20000258        -       0x00000004   Zero   RW           48    .bss.SERIALHandle   freertos.o
    0x2000025c        -       0x00000004   Zero   RW         2381    .bss._ZGVZ13MotorTaskInitvE4can1  motortask.o
    0x20000260        -       0x00000004   Zero   RW         2383    .bss._ZGVZ13MotorTaskInitvE4can2  motortask.o
    0x20000264        -       0x00000004   Zero   RW         1870    .bss._ZGVZN3BSP11WATCH_STATE19BuzzerManagerSimple11getInstanceEvE8instance  buzzer_manager.o
    0x20000268        -       0x00000004   Zero   RW         1973    .bss._ZGVZN3HAL3CAN6CanBus8instanceEvE8instance  can_bus_impl.o
    0x2000026c        -       0x00000004   Zero   RW         2117    .bss._ZGVZN3HAL4UART7UartBus8instanceEvE8instance  uart_bus_impl.o
    0x20000270        -       0x00000004   Zero   RW         2380    .bss._ZZ13MotorTaskInitvE4can1  motortask.o
    0x20000274        -       0x00000004   Zero   RW         2382    .bss._ZZ13MotorTaskInitvE4can2  motortask.o
    0x20000278        -       0x00000018   Zero   RW         1869    .bss._ZZN3BSP11WATCH_STATE19BuzzerManagerSimple11getInstanceEvE8instance  buzzer_manager.o
    0x20000290        -       0x00000054   Zero   RW         1972    .bss._ZZN3HAL3CAN6CanBus8instanceEvE8instance  can_bus_impl.o
    0x200002e4        -       0x0000005c   Zero   RW         2116    .bss._ZZN3HAL4UART7UartBus8instanceEvE8instance  uart_bus_impl.o
    0x20000340        -       0x00000004   Zero   RW         2777    .bss.__cxa_new_handler  libcppabi_w.l(cxa_handlers.cpp.o)
    0x20000344        -       0x00000004   Zero   RW           46    .bss.defaultTaskHandle  freertos.o
    0x20000348        -       0x00000012   Zero   RW         2467    .bss.dr16_rx_buffer  serivaltask.o
    0x2000035a   0x08007990   0x00000002   PAD
    0x2000035c        -       0x000000cc   Zero   RW         2291    .bss.gimbal_fsm     controltask.o
    0x20000428        -       0x00000008   Zero   RW         2297    .bss.gimbal_output  controltask.o
    0x20000430        -       0x0000002c   Zero   RW         2296    .bss.gimbal_target  controltask.o
    0x2000045c        -       0x00000028   Zero   RW           69    .bss.hcan1          can.o
    0x20000484        -       0x00000028   Zero   RW           70    .bss.hcan2          can.o
    0x200004ac        -       0x00000060   Zero   RW          119    .bss.hdma_usart1_rx  usart.o
    0x2000050c        -       0x00000060   Zero   RW          120    .bss.hdma_usart6_rx  usart.o
    0x2000056c        -       0x00000060   Zero   RW          121    .bss.hdma_usart6_tx  usart.o
    0x200005cc        -       0x00000048   Zero   RW          184    .bss.htim1          stm32f4xx_hal_timebase_tim.o
    0x20000614        -       0x00000048   Zero   RW           97    .bss.htim12         tim.o
    0x2000065c        -       0x00000048   Zero   RW          116    .bss.huart1         usart.o
    0x200006a4        -       0x00000048   Zero   RW          117    .bss.huart3         usart.o
    0x200006ec        -       0x00000048   Zero   RW          118    .bss.huart6         usart.o
    0x20000734        -       0x00000040   Zero   RW         2294    .bss.pitch_angle_pid  controltask.o
    0x20000774        -       0x00000040   Zero   RW         2295    .bss.pitch_velocity_pid  controltask.o
    0x200007b4        -       0x00000004   Zero   RW         1511    .bss.pxCurrentTCB   tasks.o
    0x200007b8        -       0x00000004   Zero   RW         1527    .bss.pxDelayedTaskList  tasks.o
    0x200007bc        -       0x00000004   Zero   RW         1677    .bss.pxEnd          heap_4.o
    0x200007c0        -       0x00000004   Zero   RW         1528    .bss.pxOverflowDelayedTaskList  tasks.o
    0x200007c4        -       0x0000008c   Zero   RW         1512    .bss.pxReadyTasksLists  tasks.o
    0x20000850        -       0x00003c00   Zero   RW         1684    .bss.ucHeap         heap_4.o
    0x20004450        -       0x00000001   Zero   RW         1719    .bss.ucMaxSysCallPriority  port.o
    0x20004451   0x08007990   0x00000003   PAD
    0x20004454        -       0x00000004   Zero   RW         1720    .bss.ulMaxPRIGROUPValue  port.o
    0x20004458        -       0x00000004   Zero   RW         1055    .bss.uwTick         stm32f4xx_hal.o
    0x2000445c        -       0x00000004   Zero   RW         1517    .bss.uxCurrentNumberOfTasks  tasks.o
    0x20004460        -       0x00000004   Zero   RW         1516    .bss.uxDeletedTasksWaitingCleanUp  tasks.o
    0x20004464        -       0x00000004   Zero   RW         1519    .bss.uxSchedulerSuspended  tasks.o
    0x20004468        -       0x00000004   Zero   RW         1514    .bss.uxTaskNumber   tasks.o
    0x2000446c        -       0x00000004   Zero   RW         1513    .bss.uxTopReadyPriority  tasks.o
    0x20004470        -       0x00000001   Zero   RW         1678    .bss.xBlockAllocatedBit  heap_4.o
    0x20004471   0x08007990   0x00000003   PAD
    0x20004474        -       0x00000014   Zero   RW         1530    .bss.xDelayedTaskList1  tasks.o
    0x20004488        -       0x00000014   Zero   RW         1531    .bss.xDelayedTaskList2  tasks.o
    0x2000449c        -       0x00000004   Zero   RW         1679    .bss.xFreeBytesRemaining  heap_4.o
    0x200044a0        -       0x00000200   Zero   RW           43    .bss.xIdleStack     freertos.o
    0x200046a0        -       0x00000004   Zero   RW         1522    .bss.xIdleTaskHandle  tasks.o
    0x200046a4        -       0x00000054   Zero   RW           42    .bss.xIdleTaskTCBBuffer  freertos.o
    0x200046f8        -       0x00000004   Zero   RW         1681    .bss.xMinimumEverFreeBytesRemaining  heap_4.o
    0x200046fc        -       0x00000004   Zero   RW         1523    .bss.xNextTaskUnblockTime  tasks.o
    0x20004700        -       0x00000004   Zero   RW         1529    .bss.xNumOfOverflows  tasks.o
    0x20004704        -       0x00000004   Zero   RW         1682    .bss.xNumberOfSuccessfulAllocations  heap_4.o
    0x20004708        -       0x00000004   Zero   RW         1683    .bss.xNumberOfSuccessfulFrees  heap_4.o
    0x2000470c        -       0x00000004   Zero   RW         1526    .bss.xPendedTicks   tasks.o
    0x20004710        -       0x00000014   Zero   RW         1521    .bss.xPendingReadyList  tasks.o
    0x20004724        -       0x00000004   Zero   RW         1518    .bss.xSchedulerRunning  tasks.o
    0x20004728        -       0x00000008   Zero   RW         1680    .bss.xStart         heap_4.o
    0x20004730        -       0x00000014   Zero   RW         1520    .bss.xSuspendedTaskList  tasks.o
    0x20004744        -       0x00000014   Zero   RW         1515    .bss.xTasksWaitingTermination  tasks.o
    0x20004758        -       0x00000004   Zero   RW         1524    .bss.xTickCount     tasks.o
    0x2000475c        -       0x00000004   Zero   RW         1525    .bss.xYieldPending  tasks.o
    0x20004760        -       0x00000040   Zero   RW         2292    .bss.yaw_angle_pid  controltask.o
    0x200047a0        -       0x00000040   Zero   RW         2293    .bss.yaw_velocity_pid  controltask.o
    0x200047e0        -       0x00000200   Zero   RW            2    HEAP                startup_stm32f427xx.o
    0x200049e0        -       0x00000400   Zero   RW            1    STACK               startup_stm32f427xx.o


==============================================================================

Image component sizes


      Code (inc. data)   RO Data    RW Data    ZI Data      Debug   Object Name

       186          0          0          0         28       5854   buzzer_manager.o
       192          0          8          0          0      21830   callback.o
       430          0          0          0         84       6530   can.o
         8          0          0          0          0      19044   can_bus.o
       528          0         48          0         88      47885   can_bus_impl.o
       934          0         88          0          0      72894   can_device_impl.o
       148          0          0          0          0      19018   cmsis_os.o
      1496         64          4          0        512      31877   controltask.o
        86          0          0          0          0       3461   dma.o
       486          4          0          0          0      25180   dt7.o
       224          0         44          0          0       4553   finitestatemachine_gimbal.o
       232          0        139          0        612       2938   freertos.o
       136          0          0          0          0       1562   gpio.o
       666          0          0          0      15389       4717   heap_4.o
       154          0          0          0          0       2186   list.o
       250          0          0          0          0       5725   main.o
      2848        180        100          0        416      70159   motortask.o
       406          0          0          0          0      22295   pid.o
       778         16          0          4          5       3995   port.o
       220          0         44         72         18      59736   serivaltask.o
        64         26        428          0       1536        840   startup_stm32f427xx.o
        76          0          0          0          0       5694   state_watch.o
        92          0          0          5          4       7648   stm32f4xx_hal.o
      1712          6          0          0          0      12546   stm32f4xx_hal_can.o
       204          0          0          0          0      10732   stm32f4xx_hal_cortex.o
      1052         12          0          0          0       8922   stm32f4xx_hal_dma.o
       410          0          0          0          0       5135   stm32f4xx_hal_gpio.o
        70          0          0          0          0       3519   stm32f4xx_hal_msp.o
       122          0          0          0          0       4523   stm32f4xx_hal_pwr_ex.o
      1434          0          0          0          0       7322   stm32f4xx_hal_rcc.o
      1510          4          0          0          0      42653   stm32f4xx_hal_tim.o
         4          0          0          0          0      18400   stm32f4xx_hal_tim_ex.o
       164          0          0          0         72       7326   stm32f4xx_hal_timebase_tim.o
      2790          0          0          0          0      24308   stm32f4xx_hal_uart.o
       172          0          0          0          0       1761   stm32f4xx_it.o
        18          0         24          4          0       2612   system_stm32f4xx.o
      2012          8          0          0        300      24805   tasks.o
       258          0          0          0         72       5747   tim.o
         8          0          0          0          0      17971   uart_bus.o
       544          0         48          0         96      46741   uart_bus_impl.o
       910          0        136          0          0      75105   uart_device_impl.o
       726          0          0          0        504       7718   usart.o

    ----------------------------------------------------------------------
     25164        336       1144         88      19748     773467   Object Totals
         0          0         32          0          0          0   (incl. Generated)
       404         16          1          3         12          0   (incl. Padding)

    ----------------------------------------------------------------------

      Code (inc. data)   RO Data    RW Data    ZI Data      Debug   Library Member Name

         8          0          0          0          0         68   __main.o
         0          0          0          0          0          0   __rtentry.o
        12          0          0          0          0          0   __rtentry2.o
         6          0          0          0          0          0   __rtentry4.o
        52          8          0          0          0          0   __scatter.o
        26          0          0          0          0          0   __scatter_copy.o
        28          0          0          0          0          0   __scatter_zi.o
        22          0          0          0          0         80   abort.o
        46          0          0          0          0         84   aeabi_atexit.o
        10          0          0          0          0         68   cxa_atexit.o
        66          0          0          0          0         84   cxa_finalize.o
        48         34          0          0          0         76   defsig_abrt_inner.o
        14          0          0          0          0         80   defsig_abrt_outer.o
        10          0          0          0          0         68   defsig_exit.o
        50          0          0          0          0         88   defsig_general.o
        80         58          0          0          0         76   defsig_rtmem_inner.o
        14          0          0          0          0         80   defsig_rtmem_outer.o
        18          0          0          0          0         80   exit.o
        94          0          0          0          0         80   h1_alloc.o
        52          0          0          0          0         68   h1_extend.o
        78          0          0          0          0         80   h1_free.o
        14          0          0          0          0         84   h1_init.o
         6          0          0          0          0        152   heapauxi.o
         4          0          0          0          0        136   hguard.o
         0          0          0          0          0          0   indicate_semi.o
        36          8          0          0          0         80   init_aeabi.o
       138          0          0          0          0        168   init_alloc.o
         2          0          0          0          0          0   libinit.o
        18          0          0          0          0          0   libinit2.o
         2          0          0          0          0          0   libshutdown.o
         8          0          0          0          0          0   libshutdown2.o
         8          4          0          0         96         68   libspace.o
       240          0          0          0          0        100   lludivv7m.o
         0          0          0          0          0          0   maybetermalloc1.o
         8          4          0          0          0         68   rt_ddtor_pointer_addr_intlibspace.o
         8          4          0          0          0         68   rt_heap_descriptor_intlibspace.o
        68          0          0          0          0         68   rt_memclr.o
        78          0          0          0          0         80   rt_memclr_w.o
       100          0          0          0          0         80   rt_memcpy_w.o
         2          0          0          0          0          0   rtexit.o
        10          0          0          0          0          0   rtexit2.o
        12          4          0          0          0         68   sys_exit.o
        74          0          0          0          0         80   sys_stackheap_outer.o
        14          0          0          0          0         76   sys_wrch.o
         2          0          0          0          0         68   use_no_semi.o
        98          4          0          0          0        140   d2f.o
       804         16          0          0          0        376   daddsub_clz.o
        84          0          0          0          0        244   dcmp.o
        24          0          0          0          0        116   dcmpi.o
       688        140          0          0          0        264   ddiv.o
       120          4          0          0          0        140   deqf.o
        84          0          0          0          0        232   dflt_clz.o
       120          4          0          0          0        140   dgeqf.o
       120          4          0          0          0        140   dleqf.o
       340         12          0          0          0        152   dmul.o
       156          4          0          0          0        140   dnaninf.o
        12          0          0          0          0        116   dretinf.o
        86          4          0          0          0        132   f2d.o
       140          4          0          0          0        132   fnaninf.o
        26          0          0          0          0        116   fpinit.o
        10          0          0          0          0        116   fretinf.o
         0          0          0          0          0          0   usenofp.o
        42          0          0          0          0        380   new.cpp.o
         4          0          0          0          0         68   vector.cpp.o
         4          0          0          0          0         36   abort_message.cpp.o
       100         56          0          0          0         76   cxa_guard.cpp.o
        12          0          0          0          4        148   cxa_handlers.cpp.o
        40         32          0          0          0         52   cxa_virtual.cpp.o

    ----------------------------------------------------------------------
      4720        408          0          0        100       6060   Library Totals
        20          0          0          0          0          0   (incl. Padding)

    ----------------------------------------------------------------------

      Code (inc. data)   RO Data    RW Data    ZI Data      Debug   Library Name

      1586        124          0          0         96       2604   c_w.l
      2912        196          0          0          0       2696   fz_wm.l
        46          0          0          0          0        448   libcpp_w.l
       156         88          0          0          4        312   libcppabi_w.l

    ----------------------------------------------------------------------
      4720        408          0          0        100       6060   Library Totals

    ----------------------------------------------------------------------

==============================================================================


      Code (inc. data)   RO Data    RW Data    ZI Data      Debug   

     29884        744       1144         88      19848     775631   Grand Totals
     29884        744       1144         88      19848     775631   ELF Image Totals
     29884        744       1144         88          0          0   ROM Totals

==============================================================================

    Total RO  Size (Code + RO Data)                31028 (  30.30kB)
    Total RW  Size (RW Data + ZI Data)             19936 (  19.47kB)
    Total ROM Size (Code + RO Data + RW Data)      31116 (  30.39kB)

==============================================================================

